Component: ARM Compiler 5.06 update 1 (build 61) Tool: armlink [4d35a8]

==============================================================================

Section Cross References

    main.o(i.HAL_GetTick) refers to rt_time.o(.data) for os_time
    main.o(i.MX_GPIO_Init) refers to rt_memclr_w.o(.text) for __aeabi_memclr4
    main.o(i.MX_GPIO_Init) refers to stm32f7xx_hal_gpio.o(i.HAL_GPIO_WritePin) for HAL_GPIO_WritePin
    main.o(i.MX_GPIO_Init) refers to stm32f7xx_hal_gpio.o(i.HAL_GPIO_Init) for HAL_GPIO_Init
    main.o(i.SystemClock_Config) refers to stm32f7xx_hal_rcc.o(i.HAL_RCC_OscConfig) for HAL_RCC_OscConfig
    main.o(i.SystemClock_Config) refers to stm32f7xx_hal_rcc.o(i.HAL_RCC_ClockConfig) for HAL_RCC_ClockConfig
    main.o(i.main) refers to _printf_percent.o(.ARM.Collect$$_printf_percent$$00000000) for _printf_percent
    main.o(i.main) refers to _printf_f.o(.ARM.Collect$$_printf_percent$$00000003) for _printf_f
    main.o(i.main) refers to printf1.o(x$fpl$printf1) for _printf_fp_dec
    main.o(i.main) refers to stm32f7xx_hal.o(i.HAL_Init) for HAL_Init
    main.o(i.main) refers to main.o(i.SystemClock_Config) for SystemClock_Config
    main.o(i.main) refers to main.o(i.MX_GPIO_Init) for MX_GPIO_Init
    main.o(i.main) refers to glcd_746g_discovery.o(i.GLCD_Initialize) for GLCD_Initialize
    main.o(i.main) refers to glcd_746g_discovery.o(i.GLCD_ClearScreen) for GLCD_ClearScreen
    main.o(i.main) refers to glcd_746g_discovery.o(i.GLCD_SetFont) for GLCD_SetFont
    main.o(i.main) refers to glcd_746g_discovery.o(i.GLCD_SetBackgroundColor) for GLCD_SetBackgroundColor
    main.o(i.main) refers to glcd_746g_discovery.o(i.GLCD_SetForegroundColor) for GLCD_SetForegroundColor
    main.o(i.main) refers to dht.o(i.DHT_GetData) for DHT_GetData
    main.o(i.main) refers to f2d.o(x$fpl$f2d) for __aeabi_f2d
    main.o(i.main) refers to noretval__2sprintf.o(.text) for __2sprintf
    main.o(i.main) refers to glcd_746g_discovery.o(i.GLCD_DrawString) for GLCD_DrawString
    main.o(i.main) refers to glcd_fonts.o(.constdata) for GLCD_Font_16x24
    main.o(i.main) refers to main.o(.data) for DHT11_Data
    main.o(i.main) refers to main.o(.bss) for GLCD_BUFFER
    main.o(i.main) refers to system_stm32f7xx.o(.data) for SystemCoreClock
    dht.o(i.DHT_Check_Response) refers to dht.o(i.delay) for delay
    dht.o(i.DHT_Check_Response) refers to stm32f7xx_hal_gpio.o(i.HAL_GPIO_ReadPin) for HAL_GPIO_ReadPin
    dht.o(i.DHT_GetData) refers to dht.o(i.DHT_Start) for DHT_Start
    dht.o(i.DHT_GetData) refers to dht.o(i.DHT_Check_Response) for DHT_Check_Response
    dht.o(i.DHT_GetData) refers to dht.o(i.DHT_Read) for DHT_Read
    dht.o(i.DHT_GetData) refers to dht.o(.data) for Presence
    dht.o(i.DHT_Read) refers to stm32f7xx_hal_gpio.o(i.HAL_GPIO_ReadPin) for HAL_GPIO_ReadPin
    dht.o(i.DHT_Read) refers to dht.o(i.delay) for delay
    dht.o(i.DHT_Start) refers to dht.o(i.DWT_Delay_Init) for DWT_Delay_Init
    dht.o(i.DHT_Start) refers to dht.o(i.Set_Pin_Output) for Set_Pin_Output
    dht.o(i.DHT_Start) refers to stm32f7xx_hal_gpio.o(i.HAL_GPIO_WritePin) for HAL_GPIO_WritePin
    dht.o(i.DHT_Start) refers to dht.o(i.delay) for delay
    dht.o(i.DHT_Start) refers to dht.o(i.Set_Pin_Input) for Set_Pin_Input
    dht.o(i.Set_Pin_Input) refers to rt_memclr_w.o(.text) for __aeabi_memclr4
    dht.o(i.Set_Pin_Input) refers to stm32f7xx_hal_gpio.o(i.HAL_GPIO_Init) for HAL_GPIO_Init
    dht.o(i.Set_Pin_Output) refers to rt_memclr_w.o(.text) for __aeabi_memclr4
    dht.o(i.Set_Pin_Output) refers to stm32f7xx_hal_gpio.o(i.HAL_GPIO_Init) for HAL_GPIO_Init
    dht.o(i.delay) refers to stm32f7xx_hal_rcc.o(i.HAL_RCC_GetHCLKFreq) for HAL_RCC_GetHCLKFreq
    stm32746g_discovery_sdram.o(i.BSP_SDRAM_DeInit) refers to stm32f7xx_hal_sdram.o(i.HAL_SDRAM_DeInit) for HAL_SDRAM_DeInit
    stm32746g_discovery_sdram.o(i.BSP_SDRAM_DeInit) refers to stm32746g_discovery_sdram.o(i.BSP_SDRAM_MspDeInit) for BSP_SDRAM_MspDeInit
    stm32746g_discovery_sdram.o(i.BSP_SDRAM_DeInit) refers to stm32746g_discovery_sdram.o(.bss) for sdramHandle
    stm32746g_discovery_sdram.o(i.BSP_SDRAM_DeInit) refers to stm32746g_discovery_sdram.o(.data) for sdramstatus
    stm32746g_discovery_sdram.o(i.BSP_SDRAM_Init) refers to stm32746g_discovery_sdram.o(i.BSP_SDRAM_MspInit) for BSP_SDRAM_MspInit
    stm32746g_discovery_sdram.o(i.BSP_SDRAM_Init) refers to stm32f7xx_hal_sdram.o(i.HAL_SDRAM_Init) for HAL_SDRAM_Init
    stm32746g_discovery_sdram.o(i.BSP_SDRAM_Init) refers to stm32746g_discovery_sdram.o(i.BSP_SDRAM_Initialization_sequence) for BSP_SDRAM_Initialization_sequence
    stm32746g_discovery_sdram.o(i.BSP_SDRAM_Init) refers to stm32746g_discovery_sdram.o(.bss) for sdramHandle
    stm32746g_discovery_sdram.o(i.BSP_SDRAM_Init) refers to stm32746g_discovery_sdram.o(.data) for sdramstatus
[...]
    i.rt_ms2tick                             0x08004330   Section        0  rt_cmsis.o(i.rt_ms2tick)
    rt_ms2tick                               0x08004331   Thumb Code    58  rt_cmsis.o(i.rt_ms2tick)
    i.rt_mut_release                         0x08004374   Section        0  rt_mutex.o(i.rt_mut_release)
    i.rt_mut_wait                            0x0800444c   Section        0  rt_mutex.o(i.rt_mut_wait)
    i.rt_pop_req                             0x080044c4   Section        0  rt_system.o(i.rt_pop_req)
    i.rt_psh_req                             0x08004540   Section        0  rt_system.o(i.rt_psh_req)
    i.rt_psq_enq                             0x08004560   Section        0  rt_list.o(i.rt_psq_enq)
    i.rt_put_dly                             0x080045bc   Section        0  rt_list.o(i.rt_put_dly)
    i.rt_put_prio                            0x08004604   Section        0  rt_list.o(i.rt_put_prio)
    i.rt_put_rdy_first                       0x0800463c   Section        0  rt_list.o(i.rt_put_rdy_first)
    i.rt_resort_prio                         0x08004650   Section        0  rt_list.o(i.rt_resort_prio)
    i.rt_ret_regs                            0x08004684   Section        0  hal_cm.o(i.rt_ret_regs)
    rt_ret_regs                              0x08004685   Thumb Code    16  hal_cm.o(i.rt_ret_regs)
    i.rt_ret_val                             0x08004694   Section        0  hal_cm.o(i.rt_ret_val)
    i.rt_ret_val2                            0x080046a0   Section        0  hal_cm.o(i.rt_ret_val2)
    i.rt_rmv_dly                             0x080046b0   Section        0  rt_list.o(i.rt_rmv_dly)
    i.rt_rmv_list                            0x080046d8   Section        0  rt_list.o(i.rt_rmv_list)
    i.rt_sem_psh                             0x08004708   Section        0  rt_semaphore.o(i.rt_sem_psh)
    i.rt_stk_check                           0x0800473c   Section        0  rt_system.o(i.rt_stk_check)
    i.rt_switch_req                          0x08004760   Section        0  rt_task.o(i.rt_switch_req)
    i.rt_sys_init                            0x08004788   Section        0  rt_task.o(i.rt_sys_init)
    i.rt_sys_start                           0x08004854   Section        0  rt_task.o(i.rt_sys_start)
    i.rt_systick                             0x080048cc   Section        0  rt_system.o(i.rt_systick)
    i.rt_tid2ptcb                            0x0800490c   Section        0  rt_cmsis.o(i.rt_tid2ptcb)
    rt_tid2ptcb                              0x0800490d   Thumb Code    18  rt_cmsis.o(i.rt_tid2ptcb)
    i.rt_timer_insert                        0x08004920   Section        0  rt_cmsis.o(i.rt_timer_insert)
    rt_timer_insert                          0x08004921   Thumb Code    48  rt_cmsis.o(i.rt_timer_insert)
    i.rt_tsk_create                          0x08004954   Section        0  rt_task.o(i.rt_tsk_create)
    i.rt_tsk_delete                          0x080049dc   Section        0  rt_task.o(i.rt_tsk_delete)
    i.rt_tsk_prio                            0x08004b58   Section        0  rt_task.o(i.rt_tsk_prio)
    i.rt_tsk_self                            0x08004bd4   Section        0  rt_task.o(i.rt_tsk_self)
    i.svcKernelInitialize                    0x08004be4   Section        0  rt_cmsis.o(i.svcKernelInitialize)
    i.svcKernelStart                         0x08004c54   Section        0  rt_cmsis.o(i.svcKernelStart)
    i.svcMessageCreate                       0x08004c9c   Section        0  rt_cmsis.o(i.svcMessageCreate)
    i.svcMessageGet                          0x08004cc0   Section        0  rt_cmsis.o(i.svcMessageGet)
    i.svcThreadCreate                        0x08004cfc   Section        0  rt_cmsis.o(i.svcThreadCreate)
    i.svcThreadGetId                         0x08004d68   Section        0  rt_cmsis.o(i.svcThreadGetId)
    i.svcThreadTerminate                     0x08004d84   Section        0  rt_cmsis.o(i.svcThreadTerminate)
    i.svcTimerCall                           0x08004dbc   Section        0  rt_cmsis.o(i.svcTimerCall)
    i.sysTimerTick                           0x08004dd4   Section        0  rt_cmsis.o(i.sysTimerTick)
    locale$$code                             0x08004e30   Section       44  lc_numeric_c.o(locale$$code)
    x$fpl$dretinf                            0x08004e5c   Section       12  dretinf.o(x$fpl$dretinf)
    $v0                                      0x08004e5c   Number         0  dretinf.o(x$fpl$dretinf)
    x$fpl$f2d                                0x08004e68   Section       86  f2d.o(x$fpl$f2d)
    $v0                                      0x08004e68   Number         0  f2d.o(x$fpl$f2d)
    x$fpl$fnaninf                            0x08004ebe   Section      140  fnaninf.o(x$fpl$fnaninf)
    $v0                                      0x08004ebe   Number         0  fnaninf.o(x$fpl$fnaninf)
    x$fpl$fpinit                             0x08004f4a   Section       10  fpinit.o(x$fpl$fpinit)
    $v0                                      0x08004f4a   Number         0  fpinit.o(x$fpl$fpinit)
    x$fpl$printf1                            0x08004f54   Section        4  printf1.o(x$fpl$printf1)
    $v0                                      0x08004f54   Number         0  printf1.o(x$fpl$printf1)
    .constdata                               0x08004f58   Section     6304  glcd_fonts.o(.constdata)
    x$fpl$usenofp                            0x08004f58   Section        0  usenofp.o(x$fpl$usenofp)
    Font_6x8_h                               0x08004f58   Data         896  glcd_fonts.o(.constdata)
    Font_16x24_h                             0x080052d8   Data        5376  glcd_fonts.o(.constdata)
    .constdata                               0x080067f8   Section      104  rtx_conf_cm.o(.constdata)
    __tagsym$$used                           0x08006814   Number         0  rtx_conf_cm.o(.constdata)
    __tagsym$$used                           0x08006818   Number         0  rtx_conf_cm.o(.constdata)
    __tagsym$$used                           0x0800681c   Number         0  rtx_conf_cm.o(.constdata)
    __tagsym$$used                           0x08006820   Number         0  rtx_conf_cm.o(.constdata)
    .constdata                               0x08006860   Section        8  stm32f7xx_hal_dma.o(.constdata)
    flagBitshiftOffset                       0x08006860   Data           8  stm32f7xx_hal_dma.o(.constdata)
    .constdata                               0x08006868   Section       24  system_stm32f7xx.o(.constdata)
    .constdata                               0x08006880   Section      148  bigflt0.o(.constdata)
    tenpwrs_x                                0x08006880   Data          60  bigflt0.o(.constdata)
    tenpwrs_i                                0x080068bc   Data          64  bigflt0.o(.constdata)
    locale$$data                             0x08006934   Section       28  lc_numeric_c.o(locale$$data)
    __lcnum_c_name                           0x08006938   Data           2  lc_numeric_c.o(locale$$data)
    __lcnum_c_start                          0x08006940   Data           0  lc_numeric_c.o(locale$$data)
    __lcnum_c_point                          0x0800694c   Data           0  lc_numeric_c.o(locale$$data)
    __lcnum_c_thousands                      0x0800694e   Data           0  lc_numeric_c.o(locale$$data)
    __lcnum_c_grouping                       0x0800694f   Data           0  lc_numeric_c.o(locale$$data)
    __lcnum_c_end                            0x08006950   Data           0  lc_numeric_c.o(locale$$data)
    .data                                    0x20010000   Section       16  main.o(.data)
    .data                                    0x20010010   Section        7  dht.o(.data)
    .data                                    0x20010017   Section        2  stm32746g_discovery_sdram.o(.data)
    sdramstatus                              0x20010017   Data           1  stm32746g_discovery_sdram.o(.data)
    sdramstatus                              0x20010018   Data           1  stm32746g_discovery_sdram.o(.data)
    .data                                    0x2001001c   Section        8  glcd_746g_discovery.o(.data)
    foreground_color                         0x2001001c   Data           2  glcd_746g_discovery.o(.data)
    background_color                         0x2001001e   Data           2  glcd_746g_discovery.o(.data)
    active_font                              0x20010020   Data           4  glcd_746g_discovery.o(.data)
    .data                                    0x20010024   Section       20  rtx_conf_cm.o(.data)
    nr_mutex                                 0x20010034   Data           4  rtx_conf_cm.o(.data)
    .data                                    0x20010038   Section        9  stm32f7xx_hal.o(.data)
    .data                                    0x20010044   Section        4  system_stm32f7xx.o(.data)
    .data                                    0x20010048   Section        8  rt_cmsis.o(.data)
    .data                                    0x20010050   Section        8  rt_task.o(.data)
    .data                                    0x20010058   Section        4  rt_time.o(.data)
    .data                                    0x2001005c   Section        8  rt_system.o(.data)
    os_lock                                  0x2001005c   Data           1  rt_system.o(.data)
    os_psh_flag                              0x2001005d   Data           1  rt_system.o(.data)
    pend_flags                               0x2001005e   Data           1  rt_system.o(.data)
    .data                                    0x20010064   Section        8  rt_robin.o(.data)
    .data                                    0x2001006c   Section        1  hal_cm.o(.data)
    .bss                                     0x20010070   Section      100  main.o(.bss)
    .bss                                     0x200100d4   Section      288  stm32746g_discovery_sdram.o(.bss)
    Timing                                   0x20010108   Data          28  stm32746g_discovery_sdram.o(.bss)
    Command                                  0x20010124   Data          16  stm32746g_discovery_sdram.o(.bss)
    dma_handle                               0x20010134   Data          96  stm32746g_discovery_sdram.o(.bss)
    dma_handle                               0x20010194   Data          96  stm32746g_discovery_sdram.o(.bss)
    .bss                                     0x200101f4   Section      168  glcd_746g_discovery.o(.bss)
    LTDC_Handle                              0x200101f4   Data         168  glcd_746g_discovery.o(.bss)
    .bss                                     0x200102a0   Section     3016  rtx_conf_cm.o(.bss)
    std_libspace                             0x20010b48   Data         672  rtx_conf_cm.o(.bss)
    std_libmutex                             0x20010de8   Data         128  rtx_conf_cm.o(.bss)
    .bss                                     0x20010e68   Section       52  rt_task.o(.bss)
    .bss                                     0x20010e9c   Section       48  rt_list.o(.bss)
    .bss                                     0x20010ecc   Section       96  libspace.o(.bss)
    HEAP                                     0x20010f30   Section      512  startup_stm32f746xx.o(HEAP)
    Heap_Mem                                 0x20010f30   Data         512  startup_stm32f746xx.o(HEAP)
    STACK                                    0x20011130   Section     1024  startup_stm32f746xx.o(STACK)
    Stack_Mem                                0x20011130   Data        1024  startup_stm32f746xx.o(STACK)
    __initial_sp                             0x20011530   Data           0  startup_stm32f746xx.o(STACK)
    .ARM.__AT_0xC0000000                     0xc0000000   Section    261120  glcd_746g_discovery.o(.ARM.__AT_0xC0000000)
    frame_buf                                0xc0000000   Data       261120  glcd_746g_discovery.o(.ARM.__AT_0xC0000000)

    Global Symbols

    Symbol Name                              Value     Ov Type        Size  Object(Section)

    BuildAttributes$$THM_ISAv4$E$P$D$K$B$S$7EM$VFPi5$EXTD16$VFPS$VFMA$PE$PLD8$A:L22UL41UL21$X:L11$S22US41US21$IEEE1$IW$USESV6$~STKCKD$USESV7$~SHL$OTIME$ROPI$IEEEJ$EBA8$UX$STANDARDLIB$REQ8$PRES8$EABIv2 0x00000000   Number         0  anon$$obj.o ABSOLUTE
    __ARM_use_no_argv                        0x00000000   Number         0  main.o ABSOLUTE
    _printf_flags                            0x00000000   Number         0  printf_stubs.o ABSOLUTE
    _printf_return_value                     0x00000000   Number         0  printf_stubs.o ABSOLUTE
    _printf_sizespec                         0x00000000   Number         0  printf_stubs.o ABSOLUTE
    _printf_widthprec                        0x00000000   Number         0  printf_stubs.o ABSOLUTE
    __ARM_exceptions_init                     - Undefined Weak Reference
    __alloca_initialize                       - Undefined Weak Reference
    __arm_preinit_                            - Undefined Weak Reference
    __cpp_initialize__aeabi_                  - Undefined Weak Reference
    __cxa_finalize                            - Undefined Weak Reference
    __sigvec_lookup                           - Undefined Weak Reference
    _atexit_init                              - Undefined Weak Reference
    _call_atexit_fns                          - Undefined Weak Reference
    _clock_init                               - Undefined Weak Reference
    _fp_trap_init                             - Undefined Weak Reference
    _fp_trap_shutdown                         - Undefined Weak Reference
    _get_lc_collate                           - Undefined Weak Reference
    _get_lc_ctype                             - Undefined Weak Reference
    _get_lc_monetary                          - Undefined Weak Reference
    _get_lc_time                              - Undefined Weak Reference
    _getenv_init                              - Undefined Weak Reference
    _handle_redirection                       - Undefined Weak Reference
    _init_alloc                               - Undefined Weak Reference
    _init_user_alloc                          - Undefined Weak Reference
    _initio                                   - Undefined Weak Reference
    _printf_post_padding                      - Undefined Weak Reference
    _printf_pre_padding                       - Undefined Weak Reference
    _rand_init                                - Undefined Weak Reference
    _signal_finish                            - Undefined Weak Reference
    _signal_init                              - Undefined Weak Reference
    _terminate_alloc                          - Undefined Weak Reference
    _terminate_user_alloc                     - Undefined Weak Reference
    _terminateio                              - Undefined Weak Reference
    __Vectors_Size                           0x000001c8   Number         0  startup_stm32f746xx.o ABSOLUTE
    __RL_RTX_VER                             0x00000482   Number         0  rt_system.o ABSOLUTE
    __Vectors                                0x08000000   Data           4  startup_stm32f746xx.o(RESET)
    __Vectors_End                            0x080001c8   Data           0  startup_stm32f746xx.o(RESET)
    __main                                   0x080001c9   Thumb Code     8  __main.o(!!!main)
    __scatterload                            0x080001d1   Thumb Code     0  __scatter.o(!!!scatter)
    __scatterload_rt2                        0x080001d1   Thumb Code    44  __scatter.o(!!!scatter)
    __scatterload_rt2_thumb_only             0x080001d1   Thumb Code     0  __scatter.o(!!!scatter)
    __scatterload_null                       0x080001df   Thumb Code     0  __scatter.o(!!!scatter)
    __scatterload_copy                       0x08000205   Thumb Code    26  __scatter_copy.o(!!handler_copy)
    __scatterload_zeroinit                   0x08000221   Thumb Code    28  __scatter_zi.o(!!handler_zi)
    _printf_f                                0x0800023d   Thumb Code     0  _printf_f.o(.ARM.Collect$$_printf_percent$$00000003)
    _printf_percent                          0x0800023d   Thumb Code     0  _printf_percent.o(.ARM.Collect$$_printf_percent$$00000000)
    _printf_percent_end                      0x08000243   Thumb Code     0  _printf_percent_end.o(.ARM.Collect$$_printf_percent$$00000017)
    __rt_lib_init                            0x08000247   Thumb Code     0  libinit.o(.ARM.Collect$$libinit$$00000000)
    __rt_lib_init_fp_1                       0x08000249   Thumb Code     0  libinit2.o(.ARM.Collect$$libinit$$00000001)
    __rt_lib_init_heap_1                     0x0800024d   Thumb Code     0  libinit2.o(.ARM.Collect$$libinit$$0000000A)
    __rt_lib_init_lc_common                  0x0800024d   Thumb Code     0  libinit2.o(.ARM.Collect$$libinit$$0000000F)
    __rt_lib_init_preinit_1                  0x0800024d   Thumb Code     0  libinit2.o(.ARM.Collect$$libinit$$00000004)
    __rt_lib_init_rand_1                     0x0800024d   Thumb Code     0  libinit2.o(.ARM.Collect$$libinit$$0000000E)
    __rt_lib_init_user_alloc_1               0x0800024d   Thumb Code     0  libinit2.o(.ARM.Collect$$libinit$$0000000C)
    __rt_lib_init_lc_collate_1               0x08000253   Thumb Code     0  libinit2.o(.ARM.Collect$$libinit$$00000011)
    __rt_lib_init_lc_ctype_1                 0x08000253   Thumb Code     0  libinit2.o(.ARM.Collect$$libinit$$00000013)
    __rt_lib_init_lc_monetary_1              0x08000253   Thumb Code     0  libinit2.o(.ARM.Collect$$libinit$$00000015)
    __rt_lib_init_lc_numeric_2               0x08000253   Thumb Code     0  libinit2.o(.ARM.Collect$$libinit$$00000016)
    __rt_lib_init_alloca_1                   0x0800025d   Thumb Code     0  libinit2.o(.ARM.Collect$$libinit$$0000002E)
    __rt_lib_init_argv_1                     0x0800025d   Thumb Code     0  libinit2.o(.ARM.Collect$$libinit$$0000002C)
    __rt_lib_init_atexit_1                   0x0800025d   Thumb Code     0  libinit2.o(.ARM.Collect$$libinit$$0000001B)
    __rt_lib_init_clock_1                    0x0800025d   Thumb Code     0  libinit2.o(.ARM.Collect$$libinit$$00000021)
    __rt_lib_init_cpp_1                      0x0800025d   Thumb Code     0  libinit2.o(.ARM.Collect$$libinit$$00000032)
    __rt_lib_init_exceptions_1               0x0800025d   Thumb Code     0  libinit2.o(.ARM.Collect$$libinit$$00000030)
    __rt_lib_init_fp_trap_1                  0x0800025d   Thumb Code     0  libinit2.o(.ARM.Collect$$libinit$$0000001F)
    __rt_lib_init_getenv_1                   0x0800025d   Thumb Code     0  libinit2.o(.ARM.Collect$$libinit$$00000023)
    __rt_lib_init_lc_numeric_1               0x0800025d   Thumb Code     0  libinit2.o(.ARM.Collect$$libinit$$00000017)
    __rt_lib_init_lc_time_1                  0x0800025d   Thumb Code     0  libinit2.o(.ARM.Collect$$libinit$$00000019)
    __rt_lib_init_return                     0x0800025d   Thumb Code     0  libinit2.o(.ARM.Collect$$libinit$$00000033)
    __rt_lib_init_signal_1                   0x0800025d   Thumb Code     0  libinit2.o(.ARM.Collect$$libinit$$0000001D)
    __rt_lib_init_stdio_1                    0x0800025d   Thumb Code     0  libinit2.o(.ARM.Collect$$libinit$$00000025)
    __rt_lib_shutdown                        0x0800025f   Thumb Code     0  libshutdown.o(.ARM.Collect$$libshutdown$$00000000)
    __rt_lib_shutdown_cpp_1                  0x08000261   Thumb Code     0  libshutdown2.o(.ARM.Collect$$libshutdown$$00000002)
    __rt_lib_shutdown_fp_trap_1              0x08000261   Thumb Code     0  libshutdown2.o(.ARM.Collect$$libshutdown$$00000007)
    __rt_lib_shutdown_heap_1                 0x08000261   Thumb Code     0  libshutdown2.o(.ARM.Collect$$libshutdown$$0000000F)
    __rt_lib_shutdown_return                 0x08000261   Thumb Code     0  libshutdown2.o(.ARM.Collect$$libshutdown$$00000010)
    __rt_lib_shutdown_signal_1               0x08000261   Thumb Code     0  libshutdown2.o(.ARM.Collect$$libshutdown$$0000000A)
    __rt_lib_shutdown_stdio_1                0x08000261   Thumb Code     0  libshutdown2.o(.ARM.Collect$$libshutdown$$00000004)
    __rt_lib_shutdown_user_alloc_1           0x08000261   Thumb Code     0  libshutdown2.o(.ARM.Collect$$libshutdown$$0000000C)
    __rt_entry                               0x08000263   Thumb Code     0  __rtentry.o(.ARM.Collect$$rtentry$$00000000)
    __rt_entry_presh_1                       0x08000263   Thumb Code     0  __rtentry2.o(.ARM.Collect$$rtentry$$00000002)
    __rt_entry_sh                            0x08000263   Thumb Code     0  __rtentry4.o(.ARM.Collect$$rtentry$$00000004)
    __rt_entry_li                            0x08000269   Thumb Code     0  __rtentry2.o(.ARM.Collect$$rtentry$$0000000A)
    __rt_entry_postsh_1                      0x08000269   Thumb Code     0  __rtentry2.o(.ARM.Collect$$rtentry$$00000009)
    __rt_entry_postli_1                      0x0800026d   Thumb Code     0  __rtentry2.o(.ARM.Collect$$rtentry$$0000000B)
    __rt_entry_main                          0x08000275   Thumb Code     0  __rtentry2.o(.ARM.Collect$$rtentry$$0000000D)
    __rt_exit                                0x0800027d   Thumb Code     0  rtexit.o(.ARM.Collect$$rtexit$$00000000)
    __rt_exit_ls                             0x0800027f   Thumb Code     0  rtexit2.o(.ARM.Collect$$rtexit$$00000003)
    __rt_exit_prels_1                        0x0800027f   Thumb Code     0  rtexit2.o(.ARM.Collect$$rtexit$$00000002)
    __rt_exit_exit                           0x08000283   Thumb Code     0  rtexit2.o(.ARM.Collect$$rtexit$$00000004)
    _platform_post_lib_init                  0x08000289   Thumb Code    24  rtx_conf_cm.o(.emb_text)
    rt_set_PSP                               0x080002a5   Thumb Code     6  hal_cm4.o(.emb_text)
    rt_get_PSP                               0x080002ab   Thumb Code     6  hal_cm4.o(.emb_text)
    os_set_env                               0x080002b1   Thumb Code    24  hal_cm4.o(.emb_text)
    _alloc_box                               0x080002cd   Thumb Code    28  hal_cm4.o(.emb_text)
    _free_box                                0x080002ed   Thumb Code    28  hal_cm4.o(.emb_text)
    SVC_Handler                              0x0800030d   Thumb Code   168  hal_cm4.o(.emb_text)
    PendSV_Handler                           0x080003c5   Thumb Code    96  hal_cm4.o(.emb_text)
    SysTick_Handler                          0x08000429   Thumb Code     8  hal_cm4.o(.emb_text)
    OS_Tick_Handler                          0x08000431   Thumb Code    12  hal_cm4.o(.emb_text)
    Reset_Handler                            0x0800043d   Thumb Code     8  startup_stm32f746xx.o(.text)
    NMI_Handler                              0x08000445   Thumb Code     2  startup_stm32f746xx.o(.text)
    HardFault_Handler                        0x08000447   Thumb Code     2  startup_stm32f746xx.o(.text)
    MemManage_Handler                        0x08000449   Thumb Code     2  startup_stm32f746xx.o(.text)
    BusFault_Handler                         0x0800044b   Thumb Code     2  startup_stm32f746xx.o(.text)
    UsageFault_Handler                       0x0800044d   Thumb Code     2  startup_stm32f746xx.o(.text)
    DebugMon_Handler                         0x08000451   Thumb Code     2  startup_stm32f746xx.o(.text)
    ADC_IRQHandler                           0x08000457   Thumb Code     0  startup_stm32f746xx.o(.text)
    CAN1_RX0_IRQHandler                      0x08000457   Thumb Code     0  startup_stm32f746xx.o(.text)
    CAN1_RX1_IRQHandler                      0x08000457   Thumb Code     0  startup_stm32f746xx.o(.text)
    CAN1_SCE_IRQHandler                      0x08000457   Thumb Code     0  startup_stm32f746xx.o(.text)
    CAN1_TX_IRQHandler                       0x08000457   Thumb Code     0  startup_stm32f746xx.o(.text)
    CAN2_RX0_IRQHandler                      0x08000457   Thumb Code     0  startup_stm32f746xx.o(.text)
    CAN2_RX1_IRQHandler                      0x08000457   Thumb Code     0  startup_stm32f746xx.o(.text)
    CAN2_SCE_IRQHandler                      0x08000457   Thumb Code     0  startup_stm32f746xx.o(.text)
    CAN2_TX_IRQHandler                       0x08000457   Thumb Code     0  startup_stm32f746xx.o(.text)
    CEC_IRQHandler                           0x08000457   Thumb Code     0  startup_stm32f746xx.o(.text)
    DCMI_IRQHandler                          0x08000457   Thumb Code     0  startup_stm32f746xx.o(.text)
    DMA1_Stream0_IRQHandler                  0x08000457   Thumb Code     0  startup_stm32f746xx.o(.text)
    DMA1_Stream1_IRQHandler                  0x08000457   Thumb Code     0  startup_stm32f746xx.o(.text)
    DMA1_Stream2_IRQHandler                  0x08000457   Thumb Code     0  startup_stm32f746xx.o(.text)
    DMA1_Stream3_IRQHandler                  0x08000457   Thumb Code     0  startup_stm32f746xx.o(.text)
    DMA1_Stream4_IRQHandler                  0x08000457   Thumb Code     0  startup_stm32f746xx.o(.text)
    DMA1_Stream5_IRQHandler                  0x08000457   Thumb Code     0  startup_stm32f746xx.o(.text)
    DMA1_Stream6_IRQHandler                  0x08000457   Thumb Code     0  startup_stm32f746xx.o(.text)
    DMA1_Stream7_IRQHandler                  0x08000457   Thumb Code     0  startup_stm32f746xx.o(.text)
    DMA2D_IRQHandler                         0x08000457   Thumb Code     0  startup_stm32f746xx.o(.text)
    DMA2_Stream0_IRQHandler                  0x08000457   Thumb Code     0  startup_stm32f746xx.o(.text)
    DMA2_Stream1_IRQHandler                  0x08000457   Thumb Code     0  startup_stm32f746xx.o(.text)
    DMA2_Stream2_IRQHandler                  0x08000457   Thumb Code     0  startup_stm32f746xx.o(.text)
    DMA2_Stream3_IRQHandler                  0x08000457   Thumb Code     0  startup_stm32f746xx.o(.text)
    DMA2_Stream4_IRQHandler                  0x08000457   Thumb Code     0  startup_stm32f746xx.o(.text)
    DMA2_Stream5_IRQHandler                  0x08000457   Thumb Code     0  startup_stm32f746xx.o(.text)
    DMA2_Stream6_IRQHandler                  0x08000457   Thumb Code     0  startup_stm32f746xx.o(.text)
    DMA2_Stream7_IRQHandler                  0x08000457   Thumb Code     0  startup_stm32f746xx.o(.text)
    ETH_IRQHandler                           0x08000457   Thumb Code     0  startup_stm32f746xx.o(.text)
    ETH_WKUP_IRQHandler                      0x08000457   Thumb Code     0  startup_stm32f746xx.o(.text)
    EXTI0_IRQHandler                         0x08000457   Thumb Code     0  startup_stm32f746xx.o(.text)
    EXTI15_10_IRQHandler                     0x08000457   Thumb Code     0  startup_stm32f746xx.o(.text)
    EXTI1_IRQHandler                         0x08000457   Thumb Code     0  startup_stm32f746xx.o(.text)
    EXTI2_IRQHandler                         0x08000457   Thumb Code     0  startup_stm32f746xx.o(.text)
    EXTI3_IRQHandler                         0x08000457   Thumb Code     0  startup_stm32f746xx.o(.text)
    EXTI4_IRQHandler                         0x08000457   Thumb Code     0  startup_stm32f746xx.o(.text)
    EXTI9_5_IRQHandler                       0x08000457   Thumb Code     0  startup_stm32f746xx.o(.text)
    FLASH_IRQHandler                         0x08000457   Thumb Code     0  startup_stm32f746xx.o(.text)
    FMC_IRQHandler                           0x08000457   Thumb Code     0  startup_stm32f746xx.o(.text)
    FPU_IRQHandler                           0x08000457   Thumb Code     0  startup_stm32f746xx.o(.text)
    I2C1_ER_IRQHandler                       0x08000457   Thumb Code     0  startup_stm32f746xx.o(.text)
    I2C1_EV_IRQHandler                       0x08000457   Thumb Code     0  startup_stm32f746xx.o(.text)
    I2C2_ER_IRQHandler                       0x08000457   Thumb Code     0  startup_stm32f746xx.o(.text)
    I2C2_EV_IRQHandler                       0x08000457   Thumb Code     0  startup_stm32f746xx.o(.text)
    I2C3_ER_IRQHandler                       0x08000457   Thumb Code     0  startup_stm32f746xx.o(.text)
    I2C3_EV_IRQHandler                       0x08000457   Thumb Code     0  startup_stm32f746xx.o(.text)
    I2C4_ER_IRQHandler                       0x08000457   Thumb Code     0  startup_stm32f746xx.o(.text)
    I2C4_EV_IRQHandler                       0x08000457   Thumb Code     0  startup_stm32f746xx.o(.text)
    LPTIM1_IRQHandler                        0x08000457   Thumb Code     0  startup_stm32f746xx.o(.text)
    LTDC_ER_IRQHandler                       0x08000457   Thumb Code     0  startup_stm32f746xx.o(.text)
    LTDC_IRQHandler                          0x08000457   Thumb Code     0  startup_stm32f746xx.o(.text)
    OTG_FS_IRQHandler                        0x08000457   Thumb Code     0  startup_stm32f746xx.o(.text)
    OTG_FS_WKUP_IRQHandler                   0x08000457   Thumb Code     0  startup_stm32f746xx.o(.text)
    OTG_HS_EP1_IN_IRQHandler                 0x08000457   Thumb Code     0  startup_stm32f746xx.o(.text)
    OTG_HS_EP1_OUT_IRQHandler                0x08000457   Thumb Code     0  startup_stm32f746xx.o(.text)
    OTG_HS_IRQHandler                        0x08000457   Thumb Code     0  startup_stm32f746xx.o(.text)
    OTG_HS_WKUP_IRQHandler                   0x08000457   Thumb Code     0  startup_stm32f746xx.o(.text)
    PVD_IRQHandler                           0x08000457   Thumb Code     0  startup_stm32f746xx.o(.text)
    QUADSPI_IRQHandler                       0x08000457   Thumb Code     0  startup_stm32f746xx.o(.text)
    RCC_IRQHandler                           0x08000457   Thumb Code     0  startup_stm32f746xx.o(.text)
    RNG_IRQHandler                           0x08000457   Thumb Code     0  startup_stm32f746xx.o(.text)
    RTC_Alarm_IRQHandler                     0x08000457   Thumb Code     0  startup_stm32f746xx.o(.text)
    RTC_WKUP_IRQHandler                      0x08000457   Thumb Code     0  startup_stm32f746xx.o(.text)
    SAI1_IRQHandler                          0x08000457   Thumb Code     0  startup_stm32f746xx.o(.text)
    SAI2_IRQHandler                          0x08000457   Thumb Code     0  startup_stm32f746xx.o(.text)
    SDMMC1_IRQHandler                        0x08000457   Thumb Code     0  startup_stm32f746xx.o(.text)
    SPDIF_RX_IRQHandler                      0x08000457   Thumb Code     0  startup_stm32f746xx.o(.text)
    SPI1_IRQHandler                          0x08000457   Thumb Code     0  startup_stm32f746xx.o(.text)
    SPI2_IRQHandler                          0x08000457   Thumb Code     0  startup_stm32f746xx.o(.text)
    SPI3_IRQHandler                          0x08000457   Thumb Code     0  startup_stm32f746xx.o(.text)
    SPI4_IRQHandler                          0x08000457   Thumb Code     0  startup_stm32f746xx.o(.text)
    SPI5_IRQHandler                          0x08000457   Thumb Code     0  startup_stm32f746xx.o(.text)
    SPI6_IRQHandler                          0x08000457   Thumb Code     0  startup_stm32f746xx.o(.text)
    TAMP_STAMP_IRQHandler                    0x08000457   Thumb Code     0  startup_stm32f746xx.o(.text)
    TIM1_BRK_TIM9_IRQHandler                 0x08000457   Thumb Code     0  startup_stm32f746xx.o(.text)
    TIM1_CC_IRQHandler                       0x08000457   Thumb Code     0  startup_stm32f746xx.o(.text)
    TIM1_TRG_COM_TIM11_IRQHandler            0x08000457   Thumb Code     0  startup_stm32f746xx.o(.text)
    TIM1_UP_TIM10_IRQHandler                 0x08000457   Thumb Code     0  startup_stm32f746xx.o(.text)
    TIM2_IRQHandler                          0x08000457   Thumb Code     0  startup_stm32f746xx.o(.text)
    TIM3_IRQHandler                          0x08000457   Thumb Code     0  startup_stm32f746xx.o(.text)
    TIM4_IRQHandler                          0x08000457   Thumb Code     0  startup_stm32f746xx.o(.text)
    TIM5_IRQHandler                          0x08000457   Thumb Code     0  startup_stm32f746xx.o(.text)
    TIM6_DAC_IRQHandler                      0x08000457   Thumb Code     0  startup_stm32f746xx.o(.text)
    TIM7_IRQHandler                          0x08000457   Thumb Code     0  startup_stm32f746xx.o(.text)
    TIM8_BRK_TIM12_IRQHandler                0x08000457   Thumb Code     0  startup_stm32f746xx.o(.text)
    TIM8_CC_IRQHandler                       0x08000457   Thumb Code     0  startup_stm32f746xx.o(.text)
    TIM8_TRG_COM_TIM14_IRQHandler            0x08000457   Thumb Code     0  startup_stm32f746xx.o(.text)
    TIM8_UP_TIM13_IRQHandler                 0x08000457   Thumb Code     0  startup_stm32f746xx.o(.text)
    UART4_IRQHandler                         0x08000457   Thumb Code     0  startup_stm32f746xx.o(.text)
    UART5_IRQHandler                         0x08000457   Thumb Code     0  startup_stm32f746xx.o(.text)
    UART7_IRQHandler                         0x08000457   Thumb Code     0  startup_stm32f746xx.o(.text)
    UART8_IRQHandler                         0x08000457   Thumb Code     0  startup_stm32f746xx.o(.text)
    USART1_IRQHandler                        0x08000457   Thumb Code     0  startup_stm32f746xx.o(.text)
    USART2_IRQHandler                        0x08000457   Thumb Code     0  startup_stm32f746xx.o(.text)
    USART3_IRQHandler                        0x08000457   Thumb Code     0  startup_stm32f746xx.o(.text)
    USART6_IRQHandler                        0x08000457   Thumb Code     0  startup_stm32f746xx.o(.text)
    WWDG_IRQHandler                          0x08000457   Thumb Code     0  startup_stm32f746xx.o(.text)
    __user_initial_stackheap                 0x08000459   Thumb Code     0  startup_stm32f746xx.o(.text)
    __user_libspace                          0x0800047d   Thumb Code     8  libspace.o(.text)
    __user_perproc_libspace                  0x0800047d   Thumb Code     0  libspace.o(.text)
    __aeabi_uldivmod                         0x08000485   Thumb Code     0  lludivv7m.o(.text)
    _ll_udiv                                 0x08000485   Thumb Code   238  lludivv7m.o(.text)
    __2sprintf                               0x08000575   Thumb Code    34  noretval__2sprintf.o(.text)
    __printf                                 0x0800059d   Thumb Code   270  __printf_wp.o(.text)
    exit                                     0x080006ab   Thumb Code    18  exit.o(.text)
    __aeabi_memcpy4                          0x080006bd   Thumb Code     0  rt_memcpy_w.o(.text)
    __aeabi_memcpy8                          0x080006bd   Thumb Code     0  rt_memcpy_w.o(.text)
    __rt_memcpy_w                            0x080006bd   Thumb Code   100  rt_memcpy_w.o(.text)
    _memcpy_lastbytes_aligned                0x08000705   Thumb Code     0  rt_memcpy_w.o(.text)
    __aeabi_memclr4                          0x08000721   Thumb Code     0  rt_memclr_w.o(.text)
    __aeabi_memclr8                          0x08000721   Thumb Code     0  rt_memclr_w.o(.text)
    __rt_memclr_w                            0x08000721   Thumb Code    78  rt_memclr_w.o(.text)
    _memset_w                                0x08000725   Thumb Code     0  rt_memclr_w.o(.text)
    __use_two_region_memory                  0x0800076f   Thumb Code     2  heapauxi.o(.text)
    __rt_heap_escrow$2region                 0x08000771   Thumb Code     2  heapauxi.o(.text)
    __rt_heap_expand$2region                 0x08000773   Thumb Code     2  heapauxi.o(.text)
    __lib_sel_fp_printf                      0x08000775   Thumb Code     2  _printf_fp_dec.o(.text)
    _printf_fp_dec_real                      0x08000923   Thumb Code   620  _printf_fp_dec.o(.text)
    _printf_char_common                      0x08000b9b   Thumb Code    32  _printf_char_common.o(.text)
    _sputc                                   0x08000bc1   Thumb Code    10  _sputc.o(.text)
    __rt_locale                              0x08000bcb   Thumb Code    10  rt_locale_twolibspace.o(.text)
    _ll_udiv10                               0x08000bd5   Thumb Code   138  lludiv10.o(.text)
    _printf_fp_infnan                        0x08000c61   Thumb Code   112  _printf_fp_infnan.o(.text)
    _btod_etento                             0x08000ce1   Thumb Code   216  bigflt0.o(.text)
    _sys_exit                                0x08000dbd   Thumb Code     8  sys_exit.o(.text)
    __user_setup_stackheap                   0x08000dc9   Thumb Code    74  sys_stackheap_outer.o(.text)
    strcmp                                   0x08000e15   Thumb Code   104  strcmpv7m_pel.o(.text)
    __I$use$semihosting                      0x08000e7d   Thumb Code     0  use_no_semi.o(.text)
    __use_no_semihosting_swi                 0x08000e7d   Thumb Code     2  use_no_semi.o(.text)
    __semihosting_library_function           0x08000e7f   Thumb Code     0  indicate_semi.o(.text)
    _btod_d2e                                0x08000e7f   Thumb Code    62  btod.o(CL$$btod_d2e)
    _d2e_denorm_low                          0x08000ebd   Thumb Code    70  btod.o(CL$$btod_d2e_denorm_low)
    _d2e_norm_op1                            0x08000f03   Thumb Code    96  btod.o(CL$$btod_d2e_norm_op1)
    __btod_div_common                        0x08000f63   Thumb Code   696  btod.o(CL$$btod_div_common)
    _e2e                                     0x0800129b   Thumb Code   198  btod.o(CL$$btod_e2e)
    _btod_ediv                               0x08001361   Thumb Code    40  btod.o(CL$$btod_ediv)
    _btod_emul                               0x08001389   Thumb Code    40  btod.o(CL$$btod_emul)
    __btod_mult_common                       0x080013b1   Thumb Code   580  btod.o(CL$$btod_mult_common)
    SVC_Count                                0x080015f4   Data           4  svc_table.o(SVC_TABLE)
    BSP_SDRAM_Init                           0x080015f9   Thumb Code   122  stm32746g_discovery_sdram.o(i.BSP_SDRAM_Init)
    SVC_Table                                0x080015f8   Data           0  svc_table.o(SVC_TABLE)
    BSP_SDRAM_Initialization_sequence        0x08001685   Thumb Code   142  stm32746g_discovery_sdram.o(i.BSP_SDRAM_Initialization_sequence)
    BSP_SDRAM_MspInit                        0x0800171d   Thumb Code   418  stm32746g_discovery_sdram.o(i.BSP_SDRAM_MspInit)
    DHT_Check_Response                       0x080018e5   Thumb Code    60  dht.o(i.DHT_Check_Response)
    DHT_GetData                              0x08001925   Thumb Code   120  dht.o(i.DHT_GetData)
    DHT_Read                                 0x080019b5   Thumb Code    86  dht.o(i.DHT_Read)
    DHT_Start                                0x08001a11   Thumb Code    58  dht.o(i.DHT_Start)
    DWT_Delay_Init                           0x08001b31   Thumb Code    68  dht.o(i.DWT_Delay_Init)
    FMC_SDRAM_Init                           0x08001b7d   Thumb Code   116  stm32f7xx_ll_fmc.o(i.FMC_SDRAM_Init)
    FMC_SDRAM_ProgramRefreshRate             0x08001bf1   Thumb Code    14  stm32f7xx_ll_fmc.o(i.FMC_SDRAM_ProgramRefreshRate)
    FMC_SDRAM_SendCommand                    0x08001bff   Thumb Code    38  stm32f7xx_ll_fmc.o(i.FMC_SDRAM_SendCommand)
    FMC_SDRAM_Timing_Init                    0x08001c25   Thumb Code   152  stm32f7xx_ll_fmc.o(i.FMC_SDRAM_Timing_Init)
    GLCD_ClearScreen                         0x08001cc1   Thumb Code    26  glcd_746g_discovery.o(i.GLCD_ClearScreen)
    GLCD_DrawChar                            0x08001ce5   Thumb Code   198  glcd_746g_discovery.o(i.GLCD_DrawChar)
    GLCD_DrawString                          0x08001dbd   Thumb Code    38  glcd_746g_discovery.o(i.GLCD_DrawString)
    GLCD_Initialize                          0x08001de9   Thumb Code   502  glcd_746g_discovery.o(i.GLCD_Initialize)
    GLCD_SetBackgroundColor                  0x08002001   Thumb Code    10  glcd_746g_discovery.o(i.GLCD_SetBackgroundColor)
    GLCD_SetFont                             0x08002011   Thumb Code    10  glcd_746g_discovery.o(i.GLCD_SetFont)
    GLCD_SetForegroundColor                  0x08002021   Thumb Code    10  glcd_746g_discovery.o(i.GLCD_SetForegroundColor)
    HAL_DMA_DeInit                           0x08002031   Thumb Code   110  stm32f7xx_hal_dma.o(i.HAL_DMA_DeInit)
    HAL_DMA_Init                             0x080020a1   Thumb Code   232  stm32f7xx_hal_dma.o(i.HAL_DMA_Init)
    HAL_Delay                                0x0800218d   Thumb Code    36  stm32f7xx_hal.o(i.HAL_Delay)
    HAL_GPIO_Init                            0x080021b5   Thumb Code   484  stm32f7xx_hal_gpio.o(i.HAL_GPIO_Init)
    HAL_GPIO_ReadPin                         0x080023cd   Thumb Code    16  stm32f7xx_hal_gpio.o(i.HAL_GPIO_ReadPin)
    HAL_GPIO_WritePin                        0x080023dd   Thumb Code    12  stm32f7xx_hal_gpio.o(i.HAL_GPIO_WritePin)
    HAL_GetTick                              0x080023e9   Thumb Code     6  main.o(i.HAL_GetTick)
    HAL_Init                                 0x080023f5   Thumb Code    44  stm32f7xx_hal.o(i.HAL_Init)
    HAL_InitTick                             0x08002425   Thumb Code    64  stm32f7xx_hal.o(i.HAL_InitTick)
    HAL_LTDC_ConfigLayer                     0x08002471   Thumb Code    94  stm32f7xx_hal_ltdc.o(i.HAL_LTDC_ConfigLayer)
    HAL_LTDC_Init                            0x080024d1   Thumb Code   290  stm32f7xx_hal_ltdc.o(i.HAL_LTDC_Init)
    HAL_LTDC_MspInit                         0x080025f9   Thumb Code     2  stm32f7xx_hal_ltdc.o(i.HAL_LTDC_MspInit)
    HAL_MspInit                              0x080025fb   Thumb Code     2  stm32f7xx_hal.o(i.HAL_MspInit)
    HAL_NVIC_EnableIRQ                       0x080025fd   Thumb Code    32  stm32f7xx_hal_cortex.o(i.HAL_NVIC_EnableIRQ)
    HAL_NVIC_SetPriority                     0x0800261d   Thumb Code   124  stm32f7xx_hal_cortex.o(i.HAL_NVIC_SetPriority)
    HAL_NVIC_SetPriorityGrouping             0x08002699   Thumb Code    32  stm32f7xx_hal_cortex.o(i.HAL_NVIC_SetPriorityGrouping)
    HAL_RCCEx_PeriphCLKConfig                0x080026c1   Thumb Code  1756  stm32f7xx_hal_rcc_ex.o(i.HAL_RCCEx_PeriphCLKConfig)
    HAL_RCC_ClockConfig                      0x08002da1   Thumb Code   382  stm32f7xx_hal_rcc.o(i.HAL_RCC_ClockConfig)
    HAL_RCC_GetHCLKFreq                      0x08002f31   Thumb Code     6  stm32f7xx_hal_rcc.o(i.HAL_RCC_GetHCLKFreq)
    HAL_RCC_GetSysClockFreq                  0x08002f3d   Thumb Code   162  stm32f7xx_hal_rcc.o(i.HAL_RCC_GetSysClockFreq)
    HAL_RCC_OscConfig                        0x08002fed   Thumb Code  1200  stm32f7xx_hal_rcc.o(i.HAL_RCC_OscConfig)
    HAL_SDRAM_Init                           0x080034a1   Thumb Code    64  stm32f7xx_hal_sdram.o(i.HAL_SDRAM_Init)
    HAL_SDRAM_MspInit                        0x080034e1   Thumb Code     2  stm32f7xx_hal_sdram.o(i.HAL_SDRAM_MspInit)
    HAL_SDRAM_ProgramRefreshRate             0x080034e3   Thumb Code    40  stm32f7xx_hal_sdram.o(i.HAL_SDRAM_ProgramRefreshRate)
    HAL_SDRAM_SendCommand                    0x0800350b   Thumb Code    58  stm32f7xx_hal_sdram.o(i.HAL_SDRAM_SendCommand)
    HAL_SYSTICK_Config                       0x08003545   Thumb Code    52  stm32f7xx_hal_cortex.o(i.HAL_SYSTICK_Config)
    Set_Pin_Input                            0x080037fd   Thumb Code    36  dht.o(i.Set_Pin_Input)
    Set_Pin_Output                           0x08003821   Thumb Code    38  dht.o(i.Set_Pin_Output)
    SystemClock_Config                       0x08003849   Thumb Code   136  main.o(i.SystemClock_Config)
    SystemInit                               0x080038d9   Thumb Code    82  system_stm32f7xx.o(i.SystemInit)
    __ARM_fpclassify                         0x0800393d   Thumb Code    48  fpclassify.o(i.__ARM_fpclassify)
    _init_box                                0x080039a5   Thumb Code    70  rt_membox.o(i._init_box)
    _is_digit                                0x080039eb   Thumb Code    14  __printf_wp.o(i._is_digit)
    _mutex_acquire                           0x080039f9   Thumb Code    22  rtx_conf_cm.o(i._mutex_acquire)
    _mutex_release                           0x08003a19   Thumb Code    18  rtx_conf_cm.o(i._mutex_release)
    dbg_init                                 0x08003a35   Thumb Code    34  hal_cm.o(i.dbg_init)
    dbg_task_notify                          0x08003a65   Thumb Code    32  hal_cm.o(i.dbg_task_notify)
    dbg_task_switch                          0x08003a85   Thumb Code    16  hal_cm.o(i.dbg_task_switch)
    isrMessageGet                            0x08003ac5   Thumb Code    42  rt_cmsis.o(i.isrMessageGet)
    isrMessagePut                            0x08003aef   Thumb Code    44  rt_cmsis.o(i.isrMessagePut)
    isr_mbx_receive                          0x08003b1d   Thumb Code    86  rt_mailbox.o(i.isr_mbx_receive)
    isr_mbx_send                             0x08003b73   Thumb Code    14  rt_mailbox.o(i.isr_mbx_send)
    main                                     0x08003b81   Thumb Code   200  main.o(i.main)
    osKernelInitialize                       0x08003c95   Thumb Code    30  rt_cmsis.o(i.osKernelInitialize)
    osKernelStart                            0x08003cb9   Thumb Code    98  rt_cmsis.o(i.osKernelStart)
    osMessageGet                             0x08003d25   Thumb Code    18  rt_cmsis.o(i.osMessageGet)
    osThreadCreate                           0x08003d3d   Thumb Code    36  rt_cmsis.o(i.osThreadCreate)
    osThreadExit                             0x08003d69   Thumb Code    14  rt_cmsis.o(i.osThreadExit)
    osTimerCall                              0x08003d81   Thumb Code     8  rt_cmsis.o(i.osTimerCall)
    osTimerThread                            0x08003d8d   Thumb Code    38  rt_cmsis.o(i.osTimerThread)
    os_error                                 0x08003db9   Thumb Code    34  rtx_conf_cm.o(i.os_error)
    os_idle_demon                            0x08003ddb   Thumb Code     4  rtx_conf_cm.o(i.os_idle_demon)
    os_tick_init                             0x08003de1   Thumb Code    32  rt_system.o(i.os_tick_init)
    os_tick_irqack                           0x08003e09   Thumb Code     2  rt_system.o(i.os_tick_irqack)
    rt_alloc_box                             0x08003e0b   Thumb Code    26  rt_membox.o(i.rt_alloc_box)
    rt_alloc_mem                             0x08003e25   Thumb Code    62  rt_memory.o(i.rt_alloc_mem)
    rt_block                                 0x08003e65   Thumb Code    48  rt_task.o(i.rt_block)
    rt_chk_robin                             0x08003e9d   Thumb Code    60  rt_robin.o(i.rt_chk_robin)
    rt_dec_dly                               0x08003ee5   Thumb Code   102  rt_list.o(i.rt_dec_dly)
    rt_dispatch                              0x08003f55   Thumb Code    60  rt_task.o(i.rt_dispatch)
    rt_evt_psh                               0x08003f99   Thumb Code    76  rt_event.o(i.rt_evt_psh)
    rt_free_box                              0x08003fe9   Thumb Code    44  rt_membox.o(i.rt_free_box)
    rt_free_mem                              0x08004015   Thumb Code    40  rt_memory.o(i.rt_free_mem)
    rt_get_first                             0x0800403d   Thumb Code    40  rt_list.o(i.rt_get_first)
    rt_init_mem                              0x080040b5   Thumb Code    26  rt_memory.o(i.rt_init_mem)
    rt_init_robin                            0x080040d1   Thumb Code    14  rt_robin.o(i.rt_init_robin)
    rt_init_stack                            0x080040e9   Thumb Code   118  hal_cm.o(i.rt_init_stack)
    rt_mbx_check                             0x08004169   Thumb Code     8  rt_mailbox.o(i.rt_mbx_check)
    rt_mbx_init                              0x08004171   Thumb Code    26  rt_mailbox.o(i.rt_mbx_init)
    rt_mbx_psh                               0x0800418d   Thumb Code   236  rt_mailbox.o(i.rt_mbx_psh)
    rt_mbx_wait                              0x0800427d   Thumb Code   174  rt_mailbox.o(i.rt_mbx_wait)
    rt_mut_release                           0x08004375   Thumb Code   208  rt_mutex.o(i.rt_mut_release)
    rt_mut_wait                              0x0800444d   Thumb Code   114  rt_mutex.o(i.rt_mut_wait)
    rt_pop_req                               0x080044c5   Thumb Code   112  rt_system.o(i.rt_pop_req)
    rt_psh_req                               0x08004541   Thumb Code    22  rt_system.o(i.rt_psh_req)
    rt_psq_enq                               0x08004561   Thumb Code    88  rt_list.o(i.rt_psq_enq)
    rt_put_dly                               0x080045bd   Thumb Code    68  rt_list.o(i.rt_put_dly)
    rt_put_prio                              0x08004605   Thumb Code    54  rt_list.o(i.rt_put_prio)
    rt_put_rdy_first                         0x0800463d   Thumb Code    14  rt_list.o(i.rt_put_rdy_first)
    rt_resort_prio                           0x08004651   Thumb Code    46  rt_list.o(i.rt_resort_prio)
    rt_ret_val                               0x08004695   Thumb Code    12  hal_cm.o(i.rt_ret_val)
    rt_ret_val2                              0x080046a1   Thumb Code    16  hal_cm.o(i.rt_ret_val2)
    rt_rmv_dly                               0x080046b1   Thumb Code    40  rt_list.o(i.rt_rmv_dly)
    rt_rmv_list                              0x080046d9   Thumb Code    44  rt_list.o(i.rt_rmv_list)
    rt_sem_psh                               0x08004709   Thumb Code    48  rt_semaphore.o(i.rt_sem_psh)
    rt_stk_check                             0x0800473d   Thumb Code    28  rt_system.o(i.rt_stk_check)
    rt_switch_req                            0x08004761   Thumb Code    30  rt_task.o(i.rt_switch_req)
    rt_sys_init                              0x08004789   Thumb Code   138  rt_task.o(i.rt_sys_init)
    rt_sys_start                             0x08004855   Thumb Code   110  rt_task.o(i.rt_sys_start)
    rt_systick                               0x080048cd   Thumb Code    50  rt_system.o(i.rt_systick)
    rt_tsk_create                            0x08004955   Thumb Code   118  rt_task.o(i.rt_tsk_create)
    rt_tsk_delete                            0x080049dd   Thumb Code   352  rt_task.o(i.rt_tsk_delete)
    rt_tsk_prio                              0x08004b59   Thumb Code   108  rt_task.o(i.rt_tsk_prio)
    rt_tsk_self                              0x08004bd5   Thumb Code    12  rt_task.o(i.rt_tsk_self)
    svcKernelInitialize                      0x08004be5   Thumb Code    80  rt_cmsis.o(i.svcKernelInitialize)
    svcKernelStart                           0x08004c55   Thumb Code    62  rt_cmsis.o(i.svcKernelStart)
    svcMessageCreate                         0x08004c9d   Thumb Code    36  rt_cmsis.o(i.svcMessageCreate)
    svcMessageGet                            0x08004cc1   Thumb Code    58  rt_cmsis.o(i.svcMessageGet)
    svcThreadCreate                          0x08004cfd   Thumb Code    96  rt_cmsis.o(i.svcThreadCreate)
    svcThreadGetId                           0x08004d69   Thumb Code    22  rt_cmsis.o(i.svcThreadGetId)
    svcThreadTerminate                       0x08004d85   Thumb Code    50  rt_cmsis.o(i.svcThreadTerminate)
    svcTimerCall                             0x08004dbd   Thumb Code    24  rt_cmsis.o(i.svcTimerCall)
    sysTimerTick                             0x08004dd5   Thumb Code    84  rt_cmsis.o(i.sysTimerTick)
    _get_lc_numeric                          0x08004e31   Thumb Code    44  lc_numeric_c.o(locale$$code)
    __fpl_dretinf                            0x08004e5d   Thumb Code    12  dretinf.o(x$fpl$dretinf)
    __aeabi_f2d                              0x08004e69   Thumb Code     0  f2d.o(x$fpl$f2d)
    _f2d                                     0x08004e69   Thumb Code    86  f2d.o(x$fpl$f2d)
    __fpl_fnaninf                            0x08004ebf   Thumb Code   140  fnaninf.o(x$fpl$fnaninf)
    _fp_init                                 0x08004f4b   Thumb Code    10  fpinit.o(x$fpl$fpinit)
    __fplib_config_fpu_vfp                   0x08004f53   Thumb Code     0  fpinit.o(x$fpl$fpinit)
    __fplib_config_pureend_doubles           0x08004f53   Thumb Code     0  fpinit.o(x$fpl$fpinit)
    _printf_fp_dec                           0x08004f55   Thumb Code     4  printf1.o(x$fpl$printf1)
    __I$use$fp                               0x08004f58   Number         0  usenofp.o(x$fpl$usenofp)
    GLCD_Font_6x8                            0x080067d8   Data          16  glcd_fonts.o(.constdata)
    GLCD_Font_16x24                          0x080067e8   Data          16  glcd_fonts.o(.constdata)
    os_maxtaskrun                            0x080067f8   Data           2  rtx_conf_cm.o(.constdata)
    os_stackinfo                             0x080067fc   Data           4  rtx_conf_cm.o(.constdata)
    os_rrobin                                0x08006800   Data           4  rtx_conf_cm.o(.constdata)
    os_tickfreq                              0x08006804   Data           4  rtx_conf_cm.o(.constdata)
    os_tickus_i                              0x08006808   Data           2  rtx_conf_cm.o(.constdata)
    os_tickus_f                              0x0800680a   Data           2  rtx_conf_cm.o(.constdata)
    os_trv                                   0x0800680c   Data           4  rtx_conf_cm.o(.constdata)
    os_flags                                 0x08006810   Data           1  rtx_conf_cm.o(.constdata)
    CMSIS_RTOS_API_Version                   0x08006814   Data           4  rtx_conf_cm.o(.constdata)
    CMSIS_RTOS_RTX_Version                   0x08006818   Data           4  rtx_conf_cm.o(.constdata)
    os_clockrate                             0x0800681c   Data           4  rtx_conf_cm.o(.constdata)
    os_timernum                              0x08006820   Data           4  rtx_conf_cm.o(.constdata)
    mp_tcb_size                              0x08006824   Data           2  rtx_conf_cm.o(.constdata)
    mp_stk_size                              0x08006828   Data           4  rtx_conf_cm.o(.constdata)
    os_stack_sz                              0x0800682c   Data           4  rtx_conf_cm.o(.constdata)
    os_fifo_size                             0x08006830   Data           1  rtx_conf_cm.o(.constdata)
    os_thread_def_osTimerThread              0x08006834   Data          16  rtx_conf_cm.o(.constdata)
    os_messageQ_def_osTimerMessageQ          0x08006844   Data           8  rtx_conf_cm.o(.constdata)
    mp_tmr_size                              0x0800684c   Data           2  rtx_conf_cm.o(.constdata)
    os_thread_def_main                       0x08006850   Data          16  rtx_conf_cm.o(.constdata)
    AHBPrescTable                            0x08006868   Data          16  system_stm32f7xx.o(.constdata)
    APBPrescTable                            0x08006878   Data           8  system_stm32f7xx.o(.constdata)
    Region$$Table$$Base                      0x08006914   Number         0  anon$$obj.o(Region$$Table)
    Region$$Table$$Limit                     0x08006934   Number         0  anon$$obj.o(Region$$Table)
    DHT11_Data                               0x20010000   Data           8  main.o(.data)
    Temperature                              0x20010008   Data           4  main.o(.data)
    Humidity                                 0x2001000c   Data           4  main.o(.data)
    Rh_byte1                                 0x20010010   Data           1  dht.o(.data)
    Rh_byte2                                 0x20010011   Data           1  dht.o(.data)
    Temp_byte1                               0x20010012   Data           1  dht.o(.data)
    Temp_byte2                               0x20010013   Data           1  dht.o(.data)
    SUM                                      0x20010014   Data           2  dht.o(.data)
    Presence                                 0x20010016   Data           1  dht.o(.data)
    osThreadId_osTimerThread                 0x20010024   Data           4  rtx_conf_cm.o(.data)
    osMessageQId_osTimerMessageQ             0x20010028   Data           4  rtx_conf_cm.o(.data)
    os_tmr                                   0x2001002c   Data           4  rtx_conf_cm.o(.data)
    m_tmr                                    0x20010030   Data           4  rtx_conf_cm.o(.data)
    uwTick                                   0x20010038   Data           4  stm32f7xx_hal.o(.data)
    uwTickPrio                               0x2001003c   Data           4  stm32f7xx_hal.o(.data)
    uwTickFreq                               0x20010040   Data           1  stm32f7xx_hal.o(.data)
    SystemCoreClock                          0x20010044   Data           4  system_stm32f7xx.o(.data)
    os_initialized                           0x20010048   Data           1  rt_cmsis.o(.data)
    os_running                               0x20010049   Data           1  rt_cmsis.o(.data)
    os_timer_head                            0x2001004c   Data           4  rt_cmsis.o(.data)
    os_tsk                                   0x20010050   Data           8  rt_task.o(.data)
    os_time                                  0x20010058   Data           4  rt_time.o(.data)
    os_tick_irqn                             0x20010060   Data           4  rt_system.o(.data)
    os_robin                                 0x20010064   Data           8  rt_robin.o(.data)
    dbg_msg                                  0x2001006c   Data           1  hal_cm.o(.data)
    GLCD_BUFFER                              0x20010070   Data         100  main.o(.bss)
    sdramHandle                              0x200100d4   Data          52  stm32746g_discovery_sdram.o(.bss)
    mp_tcb                                   0x200102a0   Data         376  rtx_conf_cm.o(.bss)
    mp_stk                                   0x20010418   Data        1216  rtx_conf_cm.o(.bss)
    os_stack_mem                             0x200108d8   Data         432  rtx_conf_cm.o(.bss)
    os_fifo                                  0x20010a88   Data         132  rtx_conf_cm.o(.bss)
    os_active_TCB                            0x20010b0c   Data          28  rtx_conf_cm.o(.bss)
    os_messageQ_q_osTimerMessageQ            0x20010b28   Data          32  rtx_conf_cm.o(.bss)
    os_idle_TCB                              0x20010e68   Data          52  rt_task.o(.bss)
    os_rdy                                   0x20010e9c   Data          24  rt_list.o(.bss)
    os_dly                                   0x20010eb4   Data          24  rt_list.o(.bss)
    __libspace_start                         0x20010ecc   Data          96  libspace.o(.bss)
    __temporary_stack_top$libspace           0x20010f2c   Data           0  libspace.o(.bss)



==============================================================================

Memory Map of the image

  Image Entry point : 0x0800043d

  Load Region LR_1 (Base: 0x08000000, Size: 0x000069c0, Max: 0xffffffff, ABSOLUTE)

    Execution Region ER_RO (Base: 0x08000000, Size: 0x00006950, Max: 0xffffffff, ABSOLUTE)

    Base Addr    Size         Type   Attr      Idx    E Section Name        Object

    0x08000000   0x000001c8   Data   RO         2011    RESET               startup_stm32f746xx.o
    0x080001c8   0x00000008   Code   RO         3309  * !!!main             c_w.l(__main.o)
    0x080001d0   0x00000034   Code   RO         3533    !!!scatter          c_w.l(__scatter.o)
    0x08000204   0x0000001a   Code   RO         3535    !!handler_copy      c_w.l(__scatter_copy.o)
    0x0800021e   0x00000002   PAD
    0x08000220   0x0000001c   Code   RO         3537    !!handler_zi        c_w.l(__scatter_zi.o)
    0x0800023c   0x00000000   Code   RO         3300    .ARM.Collect$$_printf_percent$$00000000  c_w.l(_printf_percent.o)
    0x0800023c   0x00000006   Code   RO         3299    .ARM.Collect$$_printf_percent$$00000003  c_w.l(_printf_f.o)
    0x08000242   0x00000004   Code   RO         3328    .ARM.Collect$$_printf_percent$$00000017  c_w.l(_printf_percent_end.o)
    0x08000246   0x00000002   Code   RO         3419    .ARM.Collect$$libinit$$00000000  c_w.l(libinit.o)
    0x08000248   0x00000004   Code   RO         3420    .ARM.Collect$$libinit$$00000001  c_w.l(libinit2.o)
    0x0800024c   0x00000000   Code   RO         3423    .ARM.Collect$$libinit$$00000004  c_w.l(libinit2.o)
    0x0800024c   0x00000000   Code   RO         3426    .ARM.Collect$$libinit$$0000000A  c_w.l(libinit2.o)
    0x0800024c   0x00000000   Code   RO         3428    .ARM.Collect$$libinit$$0000000C  c_w.l(libinit2.o)
    0x0800024c   0x00000000   Code   RO         3430    .ARM.Collect$$libinit$$0000000E  c_w.l(libinit2.o)
    0x0800024c   0x00000006   Code   RO         3431    .ARM.Collect$$libinit$$0000000F  c_w.l(libinit2.o)
    0x08000252   0x00000000   Code   RO         3433    .ARM.Collect$$libinit$$00000011  c_w.l(libinit2.o)
    0x08000252   0x00000000   Code   RO         3435    .ARM.Collect$$libinit$$00000013  c_w.l(libinit2.o)
    0x08000252   0x00000000   Code   RO         3437    .ARM.Collect$$libinit$$00000015  c_w.l(libinit2.o)
    0x08000252   0x0000000a   Code   RO         3438    .ARM.Collect$$libinit$$00000016  c_w.l(libinit2.o)
    0x0800025c   0x00000000   Code   RO         3439    .ARM.Collect$$libinit$$00000017  c_w.l(libinit2.o)
    0x0800025c   0x00000000   Code   RO         3441    .ARM.Collect$$libinit$$00000019  c_w.l(libinit2.o)
    0x0800025c   0x00000000   Code   RO         3443    .ARM.Collect$$libinit$$0000001B  c_w.l(libinit2.o)
    0x0800025c   0x00000000   Code   RO         3445    .ARM.Collect$$libinit$$0000001D  c_w.l(libinit2.o)
    0x0800025c   0x00000000   Code   RO         3447    .ARM.Collect$$libinit$$0000001F  c_w.l(libinit2.o)
    0x0800025c   0x00000000   Code   RO         3449    .ARM.Collect$$libinit$$00000021  c_w.l(libinit2.o)
    0x0800025c   0x00000000   Code   RO         3451    .ARM.Collect$$libinit$$00000023  c_w.l(libinit2.o)
    0x0800025c   0x00000000   Code   RO         3453    .ARM.Collect$$libinit$$00000025  c_w.l(libinit2.o)
    0x0800025c   0x00000000   Code   RO         3457    .ARM.Collect$$libinit$$0000002C  c_w.l(libinit2.o)
    0x0800025c   0x00000000   Code   RO         3459    .ARM.Collect$$libinit$$0000002E  c_w.l(libinit2.o)
    0x0800025c   0x00000000   Code   RO         3461    .ARM.Collect$$libinit$$00000030  c_w.l(libinit2.o)
    0x0800025c   0x00000000   Code   RO         3463    .ARM.Collect$$libinit$$00000032  c_w.l(libinit2.o)
    0x0800025c   0x00000002   Code   RO         3464    .ARM.Collect$$libinit$$00000033  c_w.l(libinit2.o)
    0x0800025e   0x00000002   Code   RO         3465    .ARM.Collect$$libshutdown$$00000000  c_w.l(libshutdown.o)
    0x08000260   0x00000000   Code   RO         3478    .ARM.Collect$$libshutdown$$00000002  c_w.l(libshutdown2.o)
    0x08000260   0x00000000   Code   RO         3480    .ARM.Collect$$libshutdown$$00000004  c_w.l(libshutdown2.o)
    0x08000260   0x00000000   Code   RO         3483    .ARM.Collect$$libshutdown$$00000007  c_w.l(libshutdown2.o)
    0x08000260   0x00000000   Code   RO         3486    .ARM.Collect$$libshutdown$$0000000A  c_w.l(libshutdown2.o)
    0x08000260   0x00000000   Code   RO         3488    .ARM.Collect$$libshutdown$$0000000C  c_w.l(libshutdown2.o)
    0x08000260   0x00000000   Code   RO         3491    .ARM.Collect$$libshutdown$$0000000F  c_w.l(libshutdown2.o)
    0x08000260   0x00000002   Code   RO         3492    .ARM.Collect$$libshutdown$$00000010  c_w.l(libshutdown2.o)
    0x08000262   0x00000000   Code   RO         3315    .ARM.Collect$$rtentry$$00000000  c_w.l(__rtentry.o)
    0x08000262   0x00000000   Code   RO         3335    .ARM.Collect$$rtentry$$00000002  c_w.l(__rtentry2.o)
    0x08000262   0x00000006   Code   RO         3347    .ARM.Collect$$rtentry$$00000004  c_w.l(__rtentry4.o)
    0x08000268   0x00000000   Code   RO         3337    .ARM.Collect$$rtentry$$00000009  c_w.l(__rtentry2.o)
    0x08000268   0x00000004   Code   RO         3338    .ARM.Collect$$rtentry$$0000000A  c_w.l(__rtentry2.o)
    0x0800026c   0x00000008   Code   RO         3339    .ARM.Collect$$rtentry$$0000000B  c_w.l(__rtentry2.o)
    0x08000274   0x00000008   Code   RO         3341    .ARM.Collect$$rtentry$$0000000D  c_w.l(__rtentry2.o)
    0x0800027c   0x00000002   Code   RO         3316    .ARM.Collect$$rtexit$$00000000  c_w.l(rtexit.o)
    0x0800027e   0x00000000   Code   RO         3350    .ARM.Collect$$rtexit$$00000002  c_w.l(rtexit2.o)
    0x0800027e   0x00000004   Code   RO         3351    .ARM.Collect$$rtexit$$00000003  c_w.l(rtexit2.o)
    0x08000282   0x00000006   Code   RO         3352    .ARM.Collect$$rtexit$$00000004  c_w.l(rtexit2.o)
    0x08000288   0x0000001c   Code   RO          441    .emb_text           rtx_conf_cm.o
    0x080002a4   0x00000198   Code   RO         3253    .emb_text           RTX_CM4.lib(hal_cm4.o)
    0x0800043c   0x00000040   Code   RO         2012  * .text               startup_stm32f746xx.o
    0x0800047c   0x00000008   Code   RO         3268    .text               c_w.l(libspace.o)
    0x08000484   0x000000ee   Code   RO         3271    .text               c_w.l(lludivv7m.o)
    0x08000572   0x00000002   PAD
    0x08000574   0x00000028   Code   RO         3275    .text               c_w.l(noretval__2sprintf.o)
    0x0800059c   0x0000010e   Code   RO         3287    .text               c_w.l(__printf_wp.o)
    0x080006aa   0x00000012   Code   RO         3301    .text               c_w.l(exit.o)
    0x080006bc   0x00000064   Code   RO         3303    .text               c_w.l(rt_memcpy_w.o)
    0x08000720   0x0000004e   Code   RO         3305    .text               c_w.l(rt_memclr_w.o)
    0x0800076e   0x00000006   Code   RO         3307    .text               c_w.l(heapauxi.o)
    0x08000774   0x0000041a   Code   RO         3322    .text               c_w.l(_printf_fp_dec.o)
    0x08000b8e   0x00000002   PAD
    0x08000b90   0x00000030   Code   RO         3324    .text               c_w.l(_printf_char_common.o)
    0x08000bc0   0x0000000a   Code   RO         3326    .text               c_w.l(_sputc.o)
    0x08000bca   0x0000000a   Code   RO         3363    .text               c_w.l(rt_locale_twolibspace.o)
    0x08000bd4   0x0000008a   Code   RO         3365    .text               c_w.l(lludiv10.o)
    0x08000c5e   0x00000002   PAD
    0x08000c60   0x00000080   Code   RO         3367    .text               c_w.l(_printf_fp_infnan.o)
    0x08000ce0   0x000000dc   Code   RO         3371    .text               c_w.l(bigflt0.o)
    0x08000dbc   0x0000000c   Code   RO         3403    .text               c_w.l(sys_exit.o)
    0x08000dc8   0x0000004a   Code   RO         3405    .text               c_w.l(sys_stackheap_outer.o)
    0x08000e12   0x00000002   PAD
    0x08000e14   0x00000068   Code   RO         3411    .text               c_w.l(strcmpv7m_pel.o)
    0x08000e7c   0x00000002   Code   RO         3466    .text               c_w.l(use_no_semi.o)
    0x08000e7e   0x00000000   Code   RO         3468    .text               c_w.l(indicate_semi.o)
    0x08000e7e   0x0000003e   Code   RO         3374    CL$$btod_d2e        c_w.l(btod.o)
    0x08000ebc   0x00000046   Code   RO         3376    CL$$btod_d2e_denorm_low  c_w.l(btod.o)
    0x08000f02   0x00000060   Code   RO         3375    CL$$btod_d2e_norm_op1  c_w.l(btod.o)
    0x08000f62   0x00000338   Code   RO         3384    CL$$btod_div_common  c_w.l(btod.o)
    0x0800129a   0x000000c6   Code   RO         3381    CL$$btod_e2e        c_w.l(btod.o)
    0x08001360   0x00000028   Code   RO         3378    CL$$btod_ediv       c_w.l(btod.o)
    0x08001388   0x00000028   Code   RO         3377    CL$$btod_emul       c_w.l(btod.o)
    0x080013b0   0x00000244   Code   RO         3383    CL$$btod_mult_common  c_w.l(btod.o)
    0x080015f4   0x00000004   Code   RO         3263    SVC_TABLE           RTX_CM4.lib(svc_table.o)
    0x080015f8   0x0000008c   Code   RO          227    i.BSP_SDRAM_Init    stm32746g_discovery_sdram.o
    0x08001684   0x00000098   Code   RO          228    i.BSP_SDRAM_Initialization_sequence  stm32746g_discovery_sdram.o
    0x0800171c   0x000001c8   Code   RO          230    i.BSP_SDRAM_MspInit  stm32746g_discovery_sdram.o
    0x080018e4   0x00000040   Code   RO          158    i.DHT_Check_Response  dht.o
    0x08001924   0x00000090   Code   RO          159    i.DHT_GetData       dht.o
    0x080019b4   0x0000005c   Code   RO          160    i.DHT_Read          dht.o
    0x08001a10   0x00000040   Code   RO          161    i.DHT_Start         dht.o
    0x08001a50   0x00000034   Code   RO          840    i.DMA_CalcBaseAndBitshift  stm32f7xx_hal_dma.o
    0x08001a84   0x000000aa   Code   RO          841    i.DMA_CheckFifoParam  stm32f7xx_hal_dma.o
    0x08001b2e   0x00000002   PAD
    0x08001b30   0x0000004c   Code   RO          162    i.DWT_Delay_Init    dht.o
    0x08001b7c   0x00000074   Code   RO         1877    i.FMC_SDRAM_Init    stm32f7xx_ll_fmc.o
    0x08001bf0   0x0000000e   Code   RO         1878    i.FMC_SDRAM_ProgramRefreshRate  stm32f7xx_ll_fmc.o
    0x08001bfe   0x00000026   Code   RO         1879    i.FMC_SDRAM_SendCommand  stm32f7xx_ll_fmc.o
    0x08001c24   0x0000009c   Code   RO         1881    i.FMC_SDRAM_Timing_Init  stm32f7xx_ll_fmc.o
    0x08001cc0   0x00000024   Code   RO          311    i.GLCD_ClearScreen  glcd_746g_discovery.o
    0x08001ce4   0x000000d8   Code   RO          314    i.GLCD_DrawChar     glcd_746g_discovery.o
    0x08001dbc   0x0000002c   Code   RO          318    i.GLCD_DrawString   glcd_746g_discovery.o
    0x08001de8   0x00000218   Code   RO          322    i.GLCD_Initialize   glcd_746g_discovery.o
    0x08002000   0x00000010   Code   RO          323    i.GLCD_SetBackgroundColor  glcd_746g_discovery.o
    0x08002010   0x00000010   Code   RO          324    i.GLCD_SetFont      glcd_746g_discovery.o
    0x08002020   0x00000010   Code   RO          325    i.GLCD_SetForegroundColor  glcd_746g_discovery.o
    0x08002030   0x0000006e   Code   RO          845    i.HAL_DMA_DeInit    stm32f7xx_hal_dma.o
    0x0800209e   0x00000002   PAD
    0x080020a0   0x000000ec   Code   RO          849    i.HAL_DMA_Init      stm32f7xx_hal_dma.o
    0x0800218c   0x00000028   Code   RO          512    i.HAL_Delay         stm32f7xx_hal.o
    0x080021b4   0x00000218   Code   RO          990    i.HAL_GPIO_Init     stm32f7xx_hal_gpio.o
    0x080023cc   0x00000010   Code   RO          992    i.HAL_GPIO_ReadPin  stm32f7xx_hal_gpio.o
    0x080023dc   0x0000000c   Code   RO          994    i.HAL_GPIO_WritePin  stm32f7xx_hal_gpio.o
    0x080023e8   0x0000000c   Code   RO            4    i.HAL_GetTick       main.o
    0x080023f4   0x00000030   Code   RO          527    i.HAL_Init          stm32f7xx_hal.o
    0x08002424   0x0000004c   Code   RO          528    i.HAL_InitTick      stm32f7xx_hal.o
    0x08002470   0x0000005e   Code   RO         1056    i.HAL_LTDC_ConfigLayer  stm32f7xx_hal_ltdc.o
    0x080024ce   0x00000002   PAD
    0x080024d0   0x00000128   Code   RO         1073    i.HAL_LTDC_Init     stm32f7xx_hal_ltdc.o
    0x080025f8   0x00000002   Code   RO         1076    i.HAL_LTDC_MspInit  stm32f7xx_hal_ltdc.o
    0x080025fa   0x00000002   Code   RO          530    i.HAL_MspInit       stm32f7xx_hal.o
    0x080025fc   0x00000020   Code   RO          705    i.HAL_NVIC_EnableIRQ  stm32f7xx_hal_cortex.o
    0x0800261c   0x0000007c   Code   RO          711    i.HAL_NVIC_SetPriority  stm32f7xx_hal_cortex.o
    0x08002698   0x00000028   Code   RO          712    i.HAL_NVIC_SetPriorityGrouping  stm32f7xx_hal_cortex.o
    0x080026c0   0x000006e0   Code   RO         1652    i.HAL_RCCEx_PeriphCLKConfig  stm32f7xx_hal_rcc_ex.o
    0x08002da0   0x00000190   Code   RO         1545    i.HAL_RCC_ClockConfig  stm32f7xx_hal_rcc.o
    0x08002f30   0x0000000c   Code   RO         1550    i.HAL_RCC_GetHCLKFreq  stm32f7xx_hal_rcc.o
    0x08002f3c   0x000000b0   Code   RO         1554    i.HAL_RCC_GetSysClockFreq  stm32f7xx_hal_rcc.o
    0x08002fec   0x000004b4   Code   RO         1557    i.HAL_RCC_OscConfig  stm32f7xx_hal_rcc.o
    0x080034a0   0x00000040   Code   RO         1712    i.HAL_SDRAM_Init    stm32f7xx_hal_sdram.o
    0x080034e0   0x00000002   Code   RO         1714    i.HAL_SDRAM_MspInit  stm32f7xx_hal_sdram.o
    0x080034e2   0x00000028   Code   RO         1715    i.HAL_SDRAM_ProgramRefreshRate  stm32f7xx_hal_sdram.o
    0x0800350a   0x0000003a   Code   RO         1721    i.HAL_SDRAM_SendCommand  stm32f7xx_hal_sdram.o
    0x08003544   0x00000034   Code   RO          716    i.HAL_SYSTICK_Config  stm32f7xx_hal_cortex.o
    0x08003578   0x00000212   Code   RO         1092    i.LTDC_SetConfig    stm32f7xx_hal_ltdc.o
    0x0800378a   0x00000002   PAD
    0x0800378c   0x00000070   Code   RO            5    i.MX_GPIO_Init      main.o
    0x080037fc   0x00000024   Code   RO          163    i.Set_Pin_Input     dht.o
    0x08003820   0x00000026   Code   RO          164    i.Set_Pin_Output    dht.o
    0x08003846   0x00000002   PAD
    0x08003848   0x00000090   Code   RO            6    i.SystemClock_Config  main.o
    0x080038d8   0x00000064   Code   RO         2020    i.SystemInit        system_stm32f7xx.o
    0x0800393c   0x00000030   Code   RO         3401    i.__ARM_fpclassify  m_wm.l(fpclassify.o)
    0x0800396c   0x00000010   Code   RO          718    i.__NVIC_GetPriorityGrouping  stm32f7xx_hal_cortex.o
    0x0800397c   0x00000028   Code   RO          719    i.__NVIC_SetPriority  stm32f7xx_hal_cortex.o
    0x080039a4   0x00000046   Code   RO         3147    i._init_box         RTX_CM4.lib(rt_membox.o)
    0x080039ea   0x0000000e   Code   RO         3289    i._is_digit         c_w.l(__printf_wp.o)
    0x080039f8   0x00000020   Code   RO          443    i._mutex_acquire    rtx_conf_cm.o
    0x08003a18   0x0000001c   Code   RO          445    i._mutex_release    rtx_conf_cm.o
    0x08003a34   0x00000030   Code   RO         3200    i.dbg_init          RTX_CM4.lib(hal_cm.o)
    0x08003a64   0x00000020   Code   RO         3201    i.dbg_task_notify   RTX_CM4.lib(hal_cm.o)
    0x08003a84   0x00000010   Code   RO         3202    i.dbg_task_switch   RTX_CM4.lib(hal_cm.o)
    0x08003a94   0x00000030   Code   RO          165    i.delay             dht.o
    0x08003ac4   0x0000002a   Code   RO         2056    i.isrMessageGet     RTX_CM4.lib(rt_cmsis.o)
    0x08003aee   0x0000002c   Code   RO         2057    i.isrMessagePut     RTX_CM4.lib(rt_cmsis.o)
    0x08003b1a   0x00000002   PAD
    0x08003b1c   0x00000056   Code   RO         3035    i.isr_mbx_receive   RTX_CM4.lib(rt_mailbox.o)
    0x08003b72   0x0000000e   Code   RO         3036    i.isr_mbx_send      RTX_CM4.lib(rt_mailbox.o)
    0x08003b80   0x00000114   Code   RO            7    i.main              main.o
    0x08003c94   0x00000024   Code   RO         2061    i.osKernelInitialize  RTX_CM4.lib(rt_cmsis.o)
    0x08003cb8   0x0000006c   Code   RO         2063    i.osKernelStart     RTX_CM4.lib(rt_cmsis.o)
    0x08003d24   0x00000018   Code   RO         2072    i.osMessageGet      RTX_CM4.lib(rt_cmsis.o)
    0x08003d3c   0x0000002c   Code   RO         2089    i.osThreadCreate    RTX_CM4.lib(rt_cmsis.o)
    0x08003d68   0x00000018   Code   RO         2090    i.osThreadExit      RTX_CM4.lib(rt_cmsis.o)
    0x08003d80   0x0000000c   Code   RO         2096    i.osTimerCall       RTX_CM4.lib(rt_cmsis.o)
    0x08003d8c   0x0000002c   Code   RO         2101    i.osTimerThread     RTX_CM4.lib(rt_cmsis.o)
    0x08003db8   0x00000022   Code   RO          446    i.os_error          rtx_conf_cm.o
    0x08003dda   0x00000004   Code   RO          447    i.os_idle_demon     rtx_conf_cm.o
    0x08003dde   0x00000002   PAD
    0x08003de0   0x00000028   Code   RO         2827    i.os_tick_init      RTX_CM4.lib(rt_system.o)
    0x08003e08   0x00000002   Code   RO         2828    i.os_tick_irqack    RTX_CM4.lib(rt_system.o)
    0x08003e0a   0x0000001a   Code   RO         3148    i.rt_alloc_box      RTX_CM4.lib(rt_membox.o)
    0x08003e24   0x0000003e   Code   RO         3176    i.rt_alloc_mem      RTX_CM4.lib(rt_memory.o)
    0x08003e62   0x00000002   PAD
    0x08003e64   0x00000038   Code   RO         2675    i.rt_block          RTX_CM4.lib(rt_task.o)
    0x08003e9c   0x00000048   Code   RO         3125    i.rt_chk_robin      RTX_CM4.lib(rt_robin.o)
    0x08003ee4   0x00000070   Code   RO         2959    i.rt_dec_dly        RTX_CM4.lib(rt_list.o)
    0x08003f54   0x00000044   Code   RO         2676    i.rt_dispatch       RTX_CM4.lib(rt_task.o)
    0x08003f98   0x00000050   Code   RO         2920    i.rt_evt_psh        RTX_CM4.lib(rt_event.o)
    0x08003fe8   0x0000002c   Code   RO         3149    i.rt_free_box       RTX_CM4.lib(rt_membox.o)
    0x08004014   0x00000028   Code   RO         3177    i.rt_free_mem       RTX_CM4.lib(rt_memory.o)
    0x0800403c   0x00000028   Code   RO         2960    i.rt_get_first      RTX_CM4.lib(rt_list.o)
    0x08004064   0x00000008   Code   RO         2106    i.rt_id2obj         RTX_CM4.lib(rt_cmsis.o)
    0x0800406c   0x00000048   Code   RO         2677    i.rt_init_context   RTX_CM4.lib(rt_task.o)
    0x080040b4   0x0000001a   Code   RO         3178    i.rt_init_mem       RTX_CM4.lib(rt_memory.o)
    0x080040ce   0x00000002   PAD
    0x080040d0   0x00000018   Code   RO         3126    i.rt_init_robin     RTX_CM4.lib(rt_robin.o)
    0x080040e8   0x00000080   Code   RO         3203    i.rt_init_stack     RTX_CM4.lib(hal_cm.o)
    0x08004168   0x00000008   Code   RO         3037    i.rt_mbx_check      RTX_CM4.lib(rt_mailbox.o)
    0x08004170   0x0000001a   Code   RO         3038    i.rt_mbx_init       RTX_CM4.lib(rt_mailbox.o)
    0x0800418a   0x00000002   PAD
    0x0800418c   0x000000f0   Code   RO         3039    i.rt_mbx_psh        RTX_CM4.lib(rt_mailbox.o)
    0x0800427c   0x000000b4   Code   RO         3041    i.rt_mbx_wait       RTX_CM4.lib(rt_mailbox.o)
    0x08004330   0x00000044   Code   RO         2107    i.rt_ms2tick        RTX_CM4.lib(rt_cmsis.o)
    0x08004374   0x000000d8   Code   RO         2794    i.rt_mut_release    RTX_CM4.lib(rt_mutex.o)
    0x0800444c   0x00000078   Code   RO         2795    i.rt_mut_wait       RTX_CM4.lib(rt_mutex.o)
    0x080044c4   0x0000007c   Code   RO         2831    i.rt_pop_req        RTX_CM4.lib(rt_system.o)
    0x08004540   0x00000020   Code   RO         2832    i.rt_psh_req        RTX_CM4.lib(rt_system.o)
    0x08004560   0x0000005c   Code   RO         2962    i.rt_psq_enq        RTX_CM4.lib(rt_list.o)
    0x080045bc   0x00000048   Code   RO         2963    i.rt_put_dly        RTX_CM4.lib(rt_list.o)
    0x08004604   0x00000036   Code   RO         2964    i.rt_put_prio       RTX_CM4.lib(rt_list.o)
    0x0800463a   0x00000002   PAD
    0x0800463c   0x00000014   Code   RO         2965    i.rt_put_rdy_first  RTX_CM4.lib(rt_list.o)
    0x08004650   0x00000034   Code   RO         2966    i.rt_resort_prio    RTX_CM4.lib(rt_list.o)
    0x08004684   0x00000010   Code   RO         3204    i.rt_ret_regs       RTX_CM4.lib(hal_cm.o)
    0x08004694   0x0000000c   Code   RO         3205    i.rt_ret_val        RTX_CM4.lib(hal_cm.o)
    0x080046a0   0x00000010   Code   RO         3206    i.rt_ret_val2       RTX_CM4.lib(hal_cm.o)
    0x080046b0   0x00000028   Code   RO         2967    i.rt_rmv_dly        RTX_CM4.lib(rt_list.o)
    0x080046d8   0x00000030   Code   RO         2968    i.rt_rmv_list       RTX_CM4.lib(rt_list.o)
    0x08004708   0x00000034   Code   RO         3086    i.rt_sem_psh        RTX_CM4.lib(rt_semaphore.o)
    0x0800473c   0x00000024   Code   RO         2834    i.rt_stk_check      RTX_CM4.lib(rt_system.o)
    0x08004760   0x00000028   Code   RO         2678    i.rt_switch_req     RTX_CM4.lib(rt_task.o)
    0x08004788   0x000000cc   Code   RO         2679    i.rt_sys_init       RTX_CM4.lib(rt_task.o)
    0x08004854   0x00000078   Code   RO         2680    i.rt_sys_start      RTX_CM4.lib(rt_task.o)
    0x080048cc   0x00000040   Code   RO         2836    i.rt_systick        RTX_CM4.lib(rt_system.o)
    0x0800490c   0x00000012   Code   RO         2108    i.rt_tid2ptcb       RTX_CM4.lib(rt_cmsis.o)
    0x0800491e   0x00000002   PAD
    0x08004920   0x00000034   Code   RO         2109    i.rt_timer_insert   RTX_CM4.lib(rt_cmsis.o)
    0x08004954   0x00000088   Code   RO         2681    i.rt_tsk_create     RTX_CM4.lib(rt_task.o)
    0x080049dc   0x0000017c   Code   RO         2682    i.rt_tsk_delete     RTX_CM4.lib(rt_task.o)
    0x08004b58   0x0000007c   Code   RO         2684    i.rt_tsk_prio       RTX_CM4.lib(rt_task.o)
    0x08004bd4   0x00000010   Code   RO         2685    i.rt_tsk_self       RTX_CM4.lib(rt_task.o)
    0x08004be4   0x00000070   Code   RO         2112    i.svcKernelInitialize  RTX_CM4.lib(rt_cmsis.o)
    0x08004c54   0x00000048   Code   RO         2114    i.svcKernelStart    RTX_CM4.lib(rt_cmsis.o)
    0x08004c9c   0x00000024   Code   RO         2117    i.svcMessageCreate  RTX_CM4.lib(rt_cmsis.o)
    0x08004cc0   0x0000003a   Code   RO         2118    i.svcMessageGet     RTX_CM4.lib(rt_cmsis.o)
    0x08004cfa   0x00000002   PAD
    0x08004cfc   0x0000006c   Code   RO         2132    i.svcThreadCreate   RTX_CM4.lib(rt_cmsis.o)
    0x08004d68   0x0000001c   Code   RO         2133    i.svcThreadGetId    RTX_CM4.lib(rt_cmsis.o)
    0x08004d84   0x00000038   Code   RO         2136    i.svcThreadTerminate  RTX_CM4.lib(rt_cmsis.o)
    0x08004dbc   0x00000018   Code   RO         2138    i.svcTimerCall      RTX_CM4.lib(rt_cmsis.o)
    0x08004dd4   0x0000005c   Code   RO         2147    i.sysTimerTick      RTX_CM4.lib(rt_cmsis.o)
    0x08004e30   0x0000002c   Code   RO         3397    locale$$code        c_w.l(lc_numeric_c.o)
    0x08004e5c   0x0000000c   Code   RO         3329    x$fpl$dretinf       fz_wm.l(dretinf.o)
    0x08004e68   0x00000056   Code   RO         3311    x$fpl$f2d           fz_wm.l(f2d.o)
    0x08004ebe   0x0000008c   Code   RO         3331    x$fpl$fnaninf       fz_wm.l(fnaninf.o)
    0x08004f4a   0x0000000a   Code   RO         3493    x$fpl$fpinit        fz_wm.l(fpinit.o)
    0x08004f54   0x00000004   Code   RO         3313    x$fpl$printf1       fz_wm.l(printf1.o)
    0x08004f58   0x00000000   Code   RO         3333    x$fpl$usenofp       fz_wm.l(usenofp.o)
    0x08004f58   0x000018a0   Data   RO          432    .constdata          glcd_fonts.o
    0x080067f8   0x00000068   Data   RO          449    .constdata          rtx_conf_cm.o
    0x08006860   0x00000008   Data   RO          855    .constdata          stm32f7xx_hal_dma.o
    0x08006868   0x00000018   Data   RO         2021    .constdata          system_stm32f7xx.o
    0x08006880   0x00000094   Data   RO         3372    .constdata          c_w.l(bigflt0.o)
    0x08006914   0x00000020   Data   RO         3531    Region$$Table       anon$$obj.o
    0x08006934   0x0000001c   Data   RO         3396    locale$$data        c_w.l(lc_numeric_c.o)


    Execution Region ER_RW (Base: 0x20010000, Size: 0x00000070, Max: 0xffffffff, ABSOLUTE)

    Base Addr    Size         Type   Attr      Idx    E Section Name        Object

    0x20010000   0x00000010   Data   RW            9    .data               main.o
    0x20010010   0x00000007   Data   RW          166    .data               dht.o
    0x20010017   0x00000002   Data   RW          237    .data               stm32746g_discovery_sdram.o
    0x20010019   0x00000003   PAD
    0x2001001c   0x00000008   Data   RW          330    .data               glcd_746g_discovery.o
    0x20010024   0x00000014   Data   RW          450    .data               rtx_conf_cm.o
    0x20010038   0x00000009   Data   RW          534    .data               stm32f7xx_hal.o
    0x20010041   0x00000003   PAD
    0x20010044   0x00000004   Data   RW         2022    .data               system_stm32f7xx.o
    0x20010048   0x00000008   Data   RW         2150    .data               RTX_CM4.lib(rt_cmsis.o)
    0x20010050   0x00000008   Data   RW         2687    .data               RTX_CM4.lib(rt_task.o)
    0x20010058   0x00000004   Data   RW         2763    .data               RTX_CM4.lib(rt_time.o)
    0x2001005c   0x00000008   Data   RW         2839    .data               RTX_CM4.lib(rt_system.o)
    0x20010064   0x00000008   Data   RW         3127    .data               RTX_CM4.lib(rt_robin.o)
    0x2001006c   0x00000001   Data   RW         3207    .data               RTX_CM4.lib(hal_cm.o)


    Execution Region ER_ZI (Base: 0x20010070, Size: 0x000014c0, Max: 0xffffffff, ABSOLUTE)

    Base Addr    Size         Type   Attr      Idx    E Section Name        Object

    0x20010070   0x00000064   Zero   RW            8    .bss                main.o
    0x200100d4   0x00000120   Zero   RW          236    .bss                stm32746g_discovery_sdram.o
    0x200101f4   0x000000a8   Zero   RW          329    .bss                glcd_746g_discovery.o
    0x2001029c   0x00000004   PAD
    0x200102a0   0x00000bc8   Zero   RW          448    .bss                rtx_conf_cm.o
    0x20010e68   0x00000034   Zero   RW         2686    .bss                RTX_CM4.lib(rt_task.o)
    0x20010e9c   0x00000030   Zero   RW         2969    .bss                RTX_CM4.lib(rt_list.o)
    0x20010ecc   0x00000060   Zero   RW         3269    .bss                c_w.l(libspace.o)
    0x20010f2c   0x00000004   PAD
    0x20010f30   0x00000200   Zero   RW         2010    HEAP                startup_stm32f746xx.o
    0x20011130   0x00000400   Zero   RW         2009    STACK               startup_stm32f746xx.o



  Load Region LR$$.ARM.__AT_0xC0000000 (Base: 0xc0000000, Size: 0x00000000, Max: 0x0003fc00, ABSOLUTE)

    Execution Region ER$$.ARM.__AT_0xC0000000 (Base: 0xc0000000, Size: 0x0003fc00, Max: 0x0003fc00, ABSOLUTE, UNINIT)

    Base Addr    Size         Type   Attr      Idx    E Section Name        Object

    0xc0000000   0x0003fc00   Zero   RW          328    .ARM.__AT_0xC0000000  glcd_746g_discovery.o


==============================================================================

Image component sizes


      Code (inc. data)   RO Data    RW Data    ZI Data      Debug   Object Name

       562         58          0          7          0       5015   dht.o
       880         86          0          8     261288       7082   glcd_746g_discovery.o
         0          0       6304          0          0        800   glcd_fonts.o
       544        100          0         16        100     783940   main.o
       126         26        104         20       3016       9335   rtx_conf_cm.o
        64         26        456          0       1536        864   startup_stm32f746xx.o
       748         66          0          2        288       4800   stm32746g_discovery_sdram.o
       166         20          0          9          0       3707   stm32f7xx_hal.o
       304         22          0          0          0      39819   stm32f7xx_hal_cortex.o
       568         10          8          0          0       3804   stm32f7xx_hal_dma.o
       564         52          0          0          0       3323   stm32f7xx_hal_gpio.o
       922          6          0          0          0       3690   stm32f7xx_hal_ltdc.o
      1792         50          0          0          0       4626   stm32f7xx_hal_rcc.o
      1760         18          0          0          0       2332   stm32f7xx_hal_rcc_ex.o
       164          0          0          0          0       3560   stm32f7xx_hal_sdram.o
       324          4          0          0          0       3656   stm32f7xx_ll_fmc.o
       100         18         24          4          0       1355   system_stm32f7xx.o

    ----------------------------------------------------------------------
      9600        562       6928         72     266232     881708   Object Totals
         0          0         32          0          0          0   (incl. Generated)
        12          0          0          6          4          0   (incl. Padding)

    ----------------------------------------------------------------------

      Code (inc. data)   RO Data    RW Data    ZI Data      Debug   Library Member Name

       268         24          0          1          0       4524   hal_cm.o
       408         34          0          0          0        824   hal_cm4.o
      1110        138          0          8          0      34453   rt_cmsis.o
        80          4          0          0          0        709   rt_event.o
       530         34          0          0         48       8685   rt_list.o
       554         10          0          0          0       4237   rt_mailbox.o
       140          0          0          0          0       2069   rt_membox.o
       128          0          0          0          0       2451   rt_memory.o
       336         14          0          0          0       1739   rt_mutex.o
        96         22          0          8          0       1254   rt_robin.o
        52          4          0          0          0        621   rt_semaphore.o
       298         52          0          8          0       6511   rt_system.o
      1216        174          0          8         52      10129   rt_task.o
         0          0          0          4          0        214   rt_time.o
         4          4          0          0          0        208   svc_table.o
         8          0          0          0          0         68   __main.o
       284          0          0          0          0        156   __printf_wp.o
         0          0          0          0          0          0   __rtentry.o
        20          0          0          0          0          0   __rtentry2.o
         6          0          0          0          0          0   __rtentry4.o
        52          8          0          0          0          0   __scatter.o
        26          0          0          0          0          0   __scatter_copy.o
        28          0          0          0          0          0   __scatter_zi.o
        48          6          0          0          0         96   _printf_char_common.o
         6          0          0          0          0          0   _printf_f.o
      1050          0          0          0          0        216   _printf_fp_dec.o
       128         16          0          0          0         84   _printf_fp_infnan.o
         0          0          0          0          0          0   _printf_percent.o
         4          0          0          0          0          0   _printf_percent_end.o
        10          0          0          0          0         68   _sputc.o
       220          4        148          0          0         96   bigflt0.o
      1910        128          0          0          0        672   btod.o
        18          0          0          0          0         80   exit.o
         6          0          0          0          0        152   heapauxi.o
         0          0          0          0          0          0   indicate_semi.o
        44         10         28          0          0         76   lc_numeric_c.o
         2          0          0          0          0          0   libinit.o
        22          0          0          0          0          0   libinit2.o
         2          0          0          0          0          0   libshutdown.o
         2          0          0          0          0          0   libshutdown2.o
         8          4          0          0         96         68   libspace.o
       138          0          0          0          0         80   lludiv10.o
       238          0          0          0          0        100   lludivv7m.o
        40          6          0          0          0         84   noretval__2sprintf.o
        10          0          0          0          0         76   rt_locale_twolibspace.o
        78          0          0          0          0         80   rt_memclr_w.o
       100          0          0          0          0         80   rt_memcpy_w.o
         2          0          0          0          0          0   rtexit.o
        10          0          0          0          0          0   rtexit2.o
       104          0          0          0          0         68   strcmpv7m_pel.o
        12          4          0          0          0         68   sys_exit.o
        74          0          0          0          0         80   sys_stackheap_outer.o
         2          0          0          0          0         68   use_no_semi.o
        12          0          0          0          0        116   dretinf.o
        86          4          0          0          0        132   f2d.o
       140          4          0          0          0        132   fnaninf.o
        10          0          0          0          0        116   fpinit.o
         4          0          0          0          0        116   printf1.o
         0          0          0          0          0          0   usenofp.o
        48          0          0          0          0        124   fpclassify.o

    ----------------------------------------------------------------------
     10256        708        176         40        200      81980   Library Totals
        24          0          0          3          4          0   (incl. Padding)

    ----------------------------------------------------------------------

      Code (inc. data)   RO Data    RW Data    ZI Data      Debug   Library Name

      5220        514          0         37        100      78628   RTX_CM4.lib
      4712        186        176          0         96       2616   c_w.l
       252          8          0          0          0        612   fz_wm.l
        48          0          0          0          0        124   m_wm.l

    ----------------------------------------------------------------------
     10256        708        176         40        200      81980   Library Totals

    ----------------------------------------------------------------------

==============================================================================


      Code (inc. data)   RO Data    RW Data    ZI Data      Debug   

     19856       1270       7104        112     266432     949284   Grand Totals
     19856       1270       7104        112     266432     949284   ELF Image Totals
     19856       1270       7104        112          0          0   ROM Totals

==============================================================================

    Total RO  Size (Code + RO Data)                26960 (  26.33kB)
    Total RW  Size (RW Data + ZI Data)            266544 ( 260.30kB)
    Total ROM Size (Code + RO Data + RW Data)      27072 (  26.44kB)

==============================================================================

